
Allocating common symbols
Common symbol       size              file

prx_module_info_t   0x48              main.c.o
fs_dirent_t         0x423             main.c.o
object_desc_t       0x10              main.c.o
fs_stat_t           0x34              main.c.o
process_info_t      0x34              main.c.o
fs_utime_t          0x10              main.c.o
prx_segment_info_t  0x28              main.c.o

Discarded input sections

 .text          0x0000000000000000        0x0 start.S.o
 .data          0x0000000000000000        0x0 start.S.o
 .bss           0x0000000000000000        0x0 start.S.o
 .data          0x0000000000000000        0x0 kernel.S.o
 .bss           0x0000000000000000        0x0 kernel.S.o
 .data          0x0000000000000000        0x0 hypervisor.S.o
 .bss           0x0000000000000000        0x0 hypervisor.S.o
 .text          0x0000000000000000      0x330 syscalls.S.o
 .data          0x0000000000000000        0x0 syscalls.S.o
 .bss           0x0000000000000000        0x0 syscalls.S.o
 .text          0x0000000000000000        0x4 util.S.o
 .data          0x0000000000000000        0x0 util.S.o
 .bss           0x0000000000000000        0x0 util.S.o
 .text          0x0000000000000000        0x0 main.c.o
 .data          0x0000000000000000        0x0 main.c.o
 .bss           0x0000000000000000        0x0 main.c.o
 COMMON         0x0000000000000000      0x520 main.c.o
 .text          0x0000000000000000        0x0 device.c.o
 .data          0x0000000000000000        0x0 device.c.o
 .bss           0x0000000000000000        0x0 device.c.o
 .toc           0x0000000000000000        0x0 device.c.o
 .text.map_dma_mem
                0x0000000000000000       0xbc device.c.o
 .opd           0x0000000000000000       0x48 device.c.o
 .text.unmap_dma_mem
                0x0000000000000000       0x64 device.c.o
 .text.find_device_by_type
                0x0000000000000000      0x250 device.c.o
 .text          0x0000000000000000        0x0 network.c.o
 .data          0x0000000000000000        0x0 network.c.o
 .bss           0x0000000000000000        0x0 network.c.o
 .toc           0x0000000000000000       0x38 network.c.o
 .text.net_startup
                0x0000000000000000      0x188 network.c.o
 .opd           0x0000000000000000       0xc0 network.c.o
 .text.net_shutdown
                0x0000000000000000       0xb8 network.c.o
 .text.has_net_support
                0x0000000000000000       0x18 network.c.o
 .text.net_send
                0x0000000000000000      0x150 network.c.o
 .text.net_send_data
                0x0000000000000000       0x88 network.c.o
 .text.net_recv
                0x0000000000000000      0x160 network.c.o
 .text.net_recv_data
                0x0000000000000000       0xf4 network.c.o
 .text.net_get_broadcast_mac_addr
                0x0000000000000000       0x14 network.c.o
 .bss.net_initialized
                0x0000000000000000        0x4 network.c.o
 .data.descr    0x0000000000000000        0x8 network.c.o
 .bss.params    0x0000000000000000       0x20 network.c.o
 .rodata.broadcast_mac_addr
                0x0000000000000000        0x6 network.c.o
 .bss.dma_buf   0x0000000000000000     0x1000 network.c.o
 .text          0x0000000000000000        0x0 mm.c.o
 .data          0x0000000000000000        0x0 mm.c.o
 .bss           0x0000000000000000        0x0 mm.c.o
 .toc           0x0000000000000000       0x10 mm.c.o
 .text.mm_lpar_addr_to_ra
                0x0000000000000000       0xcc mm.c.o
 .text.mm_phys_ra_to_lpar_addr
                0x0000000000000000       0xb8 mm.c.o
 .rodata.lpar_ra_regions.2688
                0x0000000000000000      0x1c8 mm.c.o
 .data.va_addr.2671
                0x0000000000000000        0x8 mm.c.o
 .text          0x0000000000000000        0x0 kernel.c.o
 .data          0x0000000000000000        0x0 kernel.c.o
 .bss           0x0000000000000000        0x0 kernel.c.o
 .toc           0x0000000000000000       0xe0 kernel.c.o
 .text.malloc   0x0000000000000000       0x4c kernel.c.o
 .opd           0x0000000000000000      0x300 kernel.c.o
 .text.free     0x0000000000000000       0x4c kernel.c.o
 .text.page_allocate_auto
                0x0000000000000000       0xa8 kernel.c.o
 .text.get_current_process_critical
                0x0000000000000000       0x48 kernel.c.o
 .text.get_current_process_object_table
                0x0000000000000000       0x40 kernel.c.o
 .text.process_get_pid
                0x0000000000000000       0x14 kernel.c.o
 .text.process_get_status
                0x0000000000000000       0x14 kernel.c.o
 .text.process_get_ppu_thread_count
                0x0000000000000000       0x50 kernel.c.o
 .text.process_get_spu_thread_count
                0x0000000000000000       0x14 kernel.c.o
 .text.process_get_raw_spu_count
                0x0000000000000000       0x14 kernel.c.o
 .text.process_get_parent_pid
                0x0000000000000000       0x14 kernel.c.o
 .text.process_get_address_space
                0x0000000000000000       0x14 kernel.c.o
 .text.process_get_memory_size
                0x0000000000000000       0x14 kernel.c.o
 .text.process_get_osabi_type
                0x0000000000000000       0x14 kernel.c.o
 .text.process_get_0x248
                0x0000000000000000       0x18 kernel.c.o
 .text.process_get_0x278
                0x0000000000000000       0x14 kernel.c.o
 .text.process_get_image_file_name
                0x0000000000000000       0x14 kernel.c.o
 .text.process_get_name
                0x0000000000000000       0x18 kernel.c.o
 .text.process_get_sdk_version
                0x0000000000000000       0x14 kernel.c.o
 .text.process_get_ppu_guid
                0x0000000000000000       0x14 kernel.c.o
 .text.process_get_param_sfo
                0x0000000000000000       0x28 kernel.c.o
 .text.process_ea_to_lpar_addr
                0x0000000000000000       0x4c kernel.c.o
 .text.process_get_info
                0x0000000000000000      0x1d8 kernel.c.o
 .text.ppu_thread_status_to_string
                0x0000000000000000       0x2c kernel.c.o
 .text.set_dabr
                0x0000000000000000       0x54 kernel.c.o
 .text.spin_lock_irqsave
                0x0000000000000000       0x54 kernel.c.o
 .text.spin_unlock_irqrestore
                0x0000000000000000       0x58 kernel.c.o
 .text.ppu_user_thread_create
                0x0000000000000000      0x1bc kernel.c.o
 .text.prx_get_module_name_by_address
                0x0000000000000000       0xf8 kernel.c.o
 .text.prx_start_module_with_thread
                0x0000000000000000      0x140 kernel.c.o
 .text.prx_stop_module_with_thread
                0x0000000000000000       0xf4 kernel.c.o
 .text.print_backtrace
                0x0000000000000000       0xc8 kernel.c.o
 .rodata.str1.1
                0x0000000000000000       0x9a kernel.c.o
 .rodata.CSWTCH.22
                0x0000000000000000       0x40 kernel.c.o
 .text          0x0000000000000000        0x0 hypervisor.c.o
 .data          0x0000000000000000        0x0 hypervisor.c.o
 .bss           0x0000000000000000        0x0 hypervisor.c.o
 .toc           0x0000000000000000        0x0 hypervisor.c.o
 .text          0x0000000000000000        0x0 spu.c.o
 .data          0x0000000000000000        0x0 spu.c.o
 .bss           0x0000000000000000        0x0 spu.c.o
 .toc           0x0000000000000000        0x0 spu.c.o
 .text.spu_in_mbox_write
                0x0000000000000000       0x18 spu.c.o
 .text.spu_run_req
                0x0000000000000000       0x1c spu.c.o
 .text.spu_mbox_stat_in_mbox_count
                0x0000000000000000       0x18 spu.c.o
 .text          0x0000000000000000        0x0 debug.c.o
 .data          0x0000000000000000        0x0 debug.c.o
 .bss           0x0000000000000000        0x0 debug.c.o
 .toc           0x0000000000000000        0x0 debug.c.o
 .text.debug_install
                0x0000000000000000       0x54 debug.c.o
 .opd           0x0000000000000000       0x30 debug.c.o
 .text.debug_uninstall
                0x0000000000000000       0x54 debug.c.o
 .text          0x0000000000000000        0x0 util.c.o
 .data          0x0000000000000000        0x0 util.c.o
 .bss           0x0000000000000000        0x0 util.c.o
 .toc           0x0000000000000000        0x0 util.c.o
 .text.clear_data
                0x0000000000000000       0x34 util.c.o
 .text.copy_data
                0x0000000000000000       0x38 util.c.o
 .text          0x0000000000000000        0x0 dumper.c.o
 .data          0x0000000000000000        0x0 dumper.c.o
 .bss           0x0000000000000000        0x0 dumper.c.o
 .toc           0x0000000000000000        0x0 dumper.c.o

Memory Configuration

Name             Origin             Length             Attributes
*default*        0x0000000000000000 0xffffffffffffffff

Linker script and memory map

LOAD start.S.o
LOAD kernel.S.o
LOAD hypervisor.S.o
LOAD syscalls.S.o
LOAD util.S.o
LOAD main.c.o
LOAD device.c.o
LOAD network.c.o
LOAD mm.c.o
LOAD kernel.c.o
LOAD hypervisor.c.o
LOAD spu.c.o
LOAD debug.c.o
LOAD util.c.o
LOAD dumper.c.o
                0x80000000007f0000                __base = 0x80000000007f0000
                0x80000000007f0000                . = __base

.start          0x80000000007f0000       0x84
 *(.start)
 .start         0x80000000007f0000       0x84 start.S.o
                0x80000000007f0000                _start
                0x80000000007f00a0                . = ALIGN (0x20)

.text           0x80000000007f00a0     0x2758
 *(.text)
 .text          0x80000000007f00a0      0x148 kernel.S.o
                0x80000000007f00a0                .get_current_thread
                0x80000000007f00b0                .get_current_thread_name
                0x80000000007f00b8                .get_current_process
                0x80000000007f00f0                .suspend_interrupts
                0x80000000007f0104                .resume_interrupts
                0x80000000007f0120                .lv1_peek64
                0x80000000007f0140                .lv1_poke64
                0x80000000007f0160                .lv2_peek64
                0x80000000007f0168                .lv2_poke64
                0x80000000007f0178                .lv2_poke64_no_sync
                0x80000000007f0180                .clear_icache
                0x80000000007f01ac                .get_call_address
 .text          0x80000000007f01e8     0x1564 hypervisor.S.o
                0x80000000007f01e8                ._lv1_allocate_memory
                0x80000000007f0224                ._lv1_write_htab_entry
                0x80000000007f0244                ._lv1_construct_virtual_address_space
                0x80000000007f0280                ._lv1_invalidate_htab_entries
                0x80000000007f02a0                ._lv1_get_virtual_address_space_id_of_pu
                0x80000000007f02d0                ._lv1_query_logical_partition_address_region_info
                0x80000000007f0330                ._lv1_select_virtual_address_space
                0x80000000007f0350                ._lv1_pause
                0x80000000007f0370                ._lv1_destruct_virtual_address_space
                0x80000000007f0390                ._lv1_configure_irq_state_bitmap
                0x80000000007f03b0                ._lv1_connect_irq_plug
                0x80000000007f03d0                ._lv1_release_memory
                0x80000000007f03f0                ._lv1_put_iopte
                0x80000000007f0410                ._lv1_disconnect_irq_plug
                0x80000000007f0430                ._lv1_construct_event_receive_port
                0x80000000007f0460                ._lv1_destruct_event_receive_port
                0x80000000007f0480                ._lv1_send_event_locally
                0x80000000007f04a0                ._lv1_detect_pending_interrupts
                0x80000000007f04f4                ._lv1_end_of_interrupt
                0x80000000007f0514                ._lv1_construct_and_connect_irq_plug
                0x80000000007f0534                ._lv1_destruct_irq_plug
                0x80000000007f0554                ._lv1_end_of_interrupt_ext
                0x80000000007f0574                ._lv1_did_update_interrupt_mask
                0x80000000007f0594                ._lv1_shutdown_logical_partition
                0x80000000007f05b4                ._lv1_destruct_logical_spu
                0x80000000007f05d4                ._lv1_construct_logical_spu
                0x80000000007f0628                ._lv1_set_spu_interrupt_mask
                0x80000000007f0648                ._lv1_set_spu_transition_notifier
                0x80000000007f0668                ._lv1_disable_logical_spu
                0x80000000007f0688                ._lv1_clear_spu_interrupt_status
                0x80000000007f06a8                ._lv1_get_spu_interrupt_status
                0x80000000007f06d8                ._lv1_get_logical_pu_id
                0x80000000007f0708                ._lv1_set_interrupt_mask
                0x80000000007f0728                ._lv1_get_logical_partition_id
                0x80000000007f0758                ._lv1_configure_execution_time_variable
                0x80000000007f0778                ._lv1_get_spu_irq_outlet
                0x80000000007f07a8                ._lv1_set_spu_privilege_state_area_1_register
                0x80000000007f07c8                ._lv1_create_repository_node
                0x80000000007f07e8                ._lv1_get_repository_node_value
                0x80000000007f0824                ._lv1_modify_repository_node_value
                0x80000000007f0844                ._lv1_remove_repository_node
                0x80000000007f0864                ._lv1_read_htab_entries
                0x80000000007f08c4                ._lv1_set_dabr
                0x80000000007f08e4                ._lv1_set_vmx_graphics_mode
                0x80000000007f0904                ._lv1_set_thread_switch_control_register
                0x80000000007f0924                ._lv1_get_total_execution_time
                0x80000000007f0954                ._lv1_undocumented_function_114
                0x80000000007f0984                ._lv1_undocumented_function_115
                0x80000000007f09a4                ._lv1_allocate_io_segment
                0x80000000007f09d4                ._lv1_release_io_segment
                0x80000000007f09f4                ._lv1_allocate_ioid
                0x80000000007f0a24                ._lv1_release_ioid
                0x80000000007f0a44                ._lv1_construct_io_irq_outlet
                0x80000000007f0a74                ._lv1_destruct_io_irq_outlet
                0x80000000007f0a94                ._lv1_map_htab
                0x80000000007f0ac4                ._lv1_unmap_htab
                0x80000000007f0ae4                ._lv1_get_version_info
                0x80000000007f0b14                ._lv1_insert_htab_entry
                0x80000000007f0b58                ._lv1_read_virtual_uart
                0x80000000007f0b88                ._lv1_write_virtual_uart
                0x80000000007f0bb8                ._lv1_set_virtual_uart_param
                0x80000000007f0bd8                ._lv1_get_virtual_uart_param
                0x80000000007f0c08                ._lv1_configure_virtual_uart_irq
                0x80000000007f0c38                ._lv1_open_device
                0x80000000007f0c58                ._lv1_close_device
                0x80000000007f0c78                ._lv1_map_device_mmio_region
                0x80000000007f0ca8                ._lv1_unmap_device_mmio_region
                0x80000000007f0cc8                ._lv1_allocate_device_dma_region
                0x80000000007f0cf8                ._lv1_free_device_dma_region
                0x80000000007f0d18                ._lv1_map_device_dma_region
                0x80000000007f0d38                ._lv1_unmap_device_dma_region
                0x80000000007f0d58                ._lv1_read_pci_config
                0x80000000007f0d88                ._lv1_write_pci_config
                0x80000000007f0da8                ._lv1_read_pci_io
                0x80000000007f0dd8                ._lv1_write_pci_io
                0x80000000007f0df8                ._lv1_net_add_multicast_address
                0x80000000007f0e18                ._lv1_net_remove_multicast_address
                0x80000000007f0e38                ._lv1_net_start_tx_dma
                0x80000000007f0e58                ._lv1_net_stop_tx_dma
                0x80000000007f0e78                ._lv1_net_start_rx_dma
                0x80000000007f0e98                ._lv1_net_stop_rx_dma
                0x80000000007f0eb8                ._lv1_net_set_interrupt_status_indicator
                0x80000000007f0ed8                ._lv1_net_set_interrupt_mask
                0x80000000007f0ef8                ._lv1_net_control
                0x80000000007f0f34                ._lv1_connect_interrupt_event_receive_port
                0x80000000007f0f54                ._lv1_disconnect_interrupt_event_receive_port
                0x80000000007f0f74                ._lv1_get_spu_all_interrupt_statuses
                0x80000000007f0fa4                ._lv1_deconfigure_virtual_uart_irq
                0x80000000007f0fc4                ._lv1_enable_logical_spu
                0x80000000007f0fe4                ._lv1_gpu_open
                0x80000000007f1004                ._lv1_gpu_close
                0x80000000007f1024                ._lv1_gpu_device_map
                0x80000000007f1060                ._lv1_gpu_device_unmap
                0x80000000007f1080                ._lv1_gpu_memory_allocate
                0x80000000007f10bc                ._lv1_gpu_memory_free
                0x80000000007f10dc                ._lv1_gpu_context_allocate
                0x80000000007f113c                ._lv1_gpu_context_free
                0x80000000007f115c                ._lv1_gpu_context_iomap
                0x80000000007f117c                ._lv1_gpu_context_attribute
                0x80000000007f119c                ._lv1_gpu_context_intr
                0x80000000007f11cc                ._lv1_gpu_attribute
                0x80000000007f11ec                ._lv1_get_rtc
                0x80000000007f1228                ._lv1_set_ppu_periodic_tracer_frequency
                0x80000000007f1248                ._lv1_start_ppu_periodic_tracer
                0x80000000007f1268                ._lv1_stop_ppu_periodic_tracer
                0x80000000007f1298                ._lv1_storage_read
                0x80000000007f12c8                ._lv1_storage_write
                0x80000000007f12f8                ._lv1_storage_send_device_command
                0x80000000007f1328                ._lv1_storage_get_async_status
                0x80000000007f1364                ._lv1_storage_check_async_status
                0x80000000007f1394                ._lv1_panic
                0x80000000007f13b4                ._lv1_construct_lpm
                0x80000000007f13f8                ._lv1_destruct_lpm
                0x80000000007f1418                ._lv1_start_lpm
                0x80000000007f1438                ._lv1_stop_lpm
                0x80000000007f1468                ._lv1_copy_lpm_trace_buffer
                0x80000000007f1498                ._lv1_add_lpm_event_bookmark
                0x80000000007f14b8                ._lv1_delete_lpm_event_bookmark
                0x80000000007f14d8                ._lv1_set_lpm_interrupt_mask
                0x80000000007f1508                ._lv1_get_lpm_interrupt_status
                0x80000000007f1538                ._lv1_set_lpm_general_control
                0x80000000007f1574                ._lv1_set_lpm_interval
                0x80000000007f15a4                ._lv1_set_lpm_trigger_control
                0x80000000007f15d4                ._lv1_set_lpm_counter_control
                0x80000000007f1604                ._lv1_set_lpm_group_control
                0x80000000007f1634                ._lv1_set_lpm_debug_bus_control
                0x80000000007f1664                ._lv1_set_lpm_counter
                0x80000000007f16a0                ._lv1_set_lpm_signal
                0x80000000007f16c0                ._lv1_set_lpm_spr_trigger
                0x80000000007f16e0                .lv1_callv
 *(.text.*)
 .text.payload_main
                0x80000000007f174c      0x6e8 main.c.o
                0x80000000007f174c                .payload_main
 .text.mm_insert_htab_entry
                0x80000000007f1e34       0xc8 mm.c.o
                0x80000000007f1e34                .mm_insert_htab_entry
 .text.mm_map_lpar_memory_region
                0x80000000007f1efc       0x90 mm.c.o
                0x80000000007f1efc                .mm_map_lpar_memory_region
 .text.vas_get_id
                0x80000000007f1f8c       0x48 hypervisor.c.o
                0x80000000007f1f8c                .vas_get_id
 .text.spu_slb_invalidate_all
                0x80000000007f1fd4       0x44 spu.c.o
                0x80000000007f1fd4                .spu_slb_invalidate_all
 .text.spu_slb_set_entry
                0x80000000007f2018       0x38 spu.c.o
                0x80000000007f2018                .spu_slb_set_entry
 .text.spu_in_mbox_write_64
                0x80000000007f2050       0x24 spu.c.o
                0x80000000007f2050                .spu_in_mbox_write_64
 .text.spu_sig_notify_1_2_write_64
                0x80000000007f2074       0x2c spu.c.o
                0x80000000007f2074                .spu_sig_notify_1_2_write_64
 .text.spu_iso_load_req_enable
                0x80000000007f20a0       0x1c spu.c.o
                0x80000000007f20a0                .spu_iso_load_req_enable
 .text.spu_iso_load_req
                0x80000000007f20bc       0x1c spu.c.o
                0x80000000007f20bc                .spu_iso_load_req
 .text.spu_iso_exit_req
                0x80000000007f20d8       0x1c spu.c.o
                0x80000000007f20d8                .spu_iso_exit_req
 .text.spu_stop_req
                0x80000000007f20f4       0x1c spu.c.o
                0x80000000007f20f4                .spu_stop_req
 .text.spu_mbox_stat_intr_out_mbox_count
                0x80000000007f2110       0x18 spu.c.o
                0x80000000007f2110                .spu_mbox_stat_intr_out_mbox_count
 .text.spu_mbox_stat_out_mbox_count
                0x80000000007f2128       0x18 spu.c.o
                0x80000000007f2128                .spu_mbox_stat_out_mbox_count
 .text.spu_mfc_cmd_exec
                0x80000000007f2140       0x48 spu.c.o
                0x80000000007f2140                .spu_mfc_cmd_exec
 .text.spu_mfc_cmd_tag_status
                0x80000000007f2188       0x34 spu.c.o
                0x80000000007f2188                .spu_mfc_cmd_tag_status
 .text.sleep    0x80000000007f21bc       0x2c util.c.o
                0x80000000007f21bc                .sleep
 *(.rodata)
 *(.rodata.*)
 .rodata.dumper_payload
                0x80000000007f21e8      0x608 dumper.c.o
                0x80000000007f21e8                dumper_payload
 .rodata.dumper_payload_size
                0x80000000007f27f0        0x8 dumper.c.o
                0x80000000007f27f0                dumper_payload_size
 *(.gnu.linkonce.t.*)

.sfpr           0x80000000007f27f8       0xb8
 .sfpr          0x80000000007f27f8       0xb8 linker stubs
                0x80000000007f27f8                _savegpr0_14
                0x80000000007f2814                _savegpr0_21
                0x80000000007f281c                _savegpr0_23
                0x80000000007f2820                _savegpr0_24
                0x80000000007f2824                _savegpr0_25
                0x80000000007f2828                _savegpr0_26
                0x80000000007f2830                _savegpr0_28
                0x80000000007f2834                _savegpr0_29
                0x80000000007f2838                _savegpr0_30
                0x80000000007f283c                _savegpr0_31
                0x80000000007f2848                _restgpr0_14
                0x80000000007f2864                _restgpr0_21
                0x80000000007f286c                _restgpr0_23
                0x80000000007f2870                _restgpr0_24
                0x80000000007f2874                _restgpr0_25
                0x80000000007f2878                _restgpr0_26
                0x80000000007f2880                _restgpr0_28
                0x80000000007f2884                _restgpr0_29
                0x80000000007f289c                _restgpr0_30
                0x80000000007f28a0                _restgpr0_31

.glink          0x80000000007f28b0        0x0
 .glink         0x0000000000000000        0x0 linker stubs

.eh_frame_hdr   0x80000000007f28b0        0x0
 .eh_frame_hdr  0x0000000000000000        0x0 dumper.c.o

.lv2_extend_kstack.text
                0x80000000007f28b0       0x10
 .lv2_extend_kstack.text
                0x80000000007f28b0       0x10 kernel.S.o
                0x80000000007f28b0                lv2_extend_kstack

.lv2_memset.text
                0x80000000007f28c0       0x10
 .lv2_memset.text
                0x80000000007f28c0       0x10 kernel.S.o
                0x80000000007f28c0                lv2_memset

.lv2_memcpy.text
                0x80000000007f28d0       0x10
 .lv2_memcpy.text
                0x80000000007f28d0       0x10 kernel.S.o
                0x80000000007f28d0                lv2_memcpy

.lv2_copy_to_user.text
                0x80000000007f28e0       0x10
 .lv2_copy_to_user.text
                0x80000000007f28e0       0x10 kernel.S.o
                0x80000000007f28e0                lv2_copy_to_user

.rela.dyn       0x80000000007f28f0        0x0
 .rela.iplt     0x0000000000000000        0x0 linker stubs
 .rela.start    0x0000000000000000        0x0 linker stubs
 .rela.toc      0x0000000000000000        0x0 linker stubs

.data
 *(.data)
 *(.data.*)

.branch_lt      0x80000000007f28f0        0x0
 .branch_lt     0x80000000007f28f0        0x0 linker stubs

.got            0x80000000007f28f0       0x30
 *(.got)
 *(.got.*)
                0x80000000007f28f0                __toc = .
 *(.toc)
 .toc           0x80000000007f28f0       0x30 main.c.o
 *(.toc.*)

.opd            0x80000000007f2920      0x198
 *(.opd)
 .opd           0x80000000007f2920       0x18 main.c.o
                0x80000000007f2920                payload_main
 .opd           0x80000000007f2938       0x30 mm.c.o
                0x80000000007f2938                mm_insert_htab_entry
                0x80000000007f2950                mm_map_lpar_memory_region
 .opd           0x80000000007f2968       0x18 hypervisor.c.o
                0x80000000007f2968                vas_get_id
 .opd           0x80000000007f2980      0x120 spu.c.o
                0x80000000007f2980                spu_slb_invalidate_all
                0x80000000007f2998                spu_slb_set_entry
                0x80000000007f29b0                spu_in_mbox_write_64
                0x80000000007f29c8                spu_sig_notify_1_2_write_64
                0x80000000007f29e0                spu_iso_load_req_enable
                0x80000000007f29f8                spu_iso_load_req
                0x80000000007f2a10                spu_iso_exit_req
                0x80000000007f2a28                spu_stop_req
                0x80000000007f2a40                spu_mbox_stat_intr_out_mbox_count
                0x80000000007f2a58                spu_mbox_stat_out_mbox_count
                0x80000000007f2a70                spu_mfc_cmd_exec
                0x80000000007f2a88                spu_mfc_cmd_tag_status
 .opd           0x80000000007f2aa0       0x18 util.c.o
                0x80000000007f2aa0                sleep
 *(.opd.*)

.bss
 *(.bss)
 *(.bss.*)
                0x8000000000073528                .process_write_memory_inner = 0x8000000000073528
                0x800000000007eb48                .process_write_wrapper = 0x800000000007eb48
                0x8000000000075294                .process_allocate_mapped_memory = 0x8000000000075294
                0x800000000000e8a4                .address_space_allocate_ppc_segments = 0x800000000000e8a4
                0x80000000000c2b08                .hid_manager_read_impl = 0x80000000000c2b08
                0x800000000005cae0                .set_pte = 0x800000000005cae0
                0x800000000006e7c0                extend_kstack = 0x800000000006e7c0
                0x8000000000025730                disable_interrupts = 0x8000000000025730
                0x8000000000007e3c                get_current_proc_locked = 0x8000000000007e3c
                0x800000000002573c                enable_external_interrupt = 0x800000000002573c
                0x8000000000003560                access_control_engine_check_capability = 0x8000000000003560
                0x800000000000fa74                copy_from_user_copyin = 0x800000000000fa74
                0x800000000000f858                copy_to_user_copyout = 0x800000000000f858
                0x8000000000062f74                alloc = 0x8000000000062f74
                0x80000000000633b0                dealloc = 0x80000000000633b0
                0x8000000000011470                sub_8000000000011470 = 0x8000000000011470
                0x80000000000114e8                sub_80000000000114E8 = 0x80000000000114e8
                0x8000000000003b38                sub_8000000000003B38 = 0x8000000000003b38
                0x8000000000011470                .sub_8000000000011470 = 0x8000000000011470
OUTPUT(payload.elf elf64-powerpc)

.iplt           0x80000000007f2ab8        0x0
 .iplt          0x0000000000000000        0x0 linker stubs

.comment        0x0000000000000000       0x11
 .comment       0x0000000000000000       0x11 main.c.o
                                         0x12 (size before relaxing)
 .comment       0x0000000000000000       0x12 device.c.o
 .comment       0x0000000000000000       0x12 network.c.o
 .comment       0x0000000000000000       0x12 mm.c.o
 .comment       0x0000000000000000       0x12 kernel.c.o
 .comment       0x0000000000000000       0x12 hypervisor.c.o
 .comment       0x0000000000000000       0x12 spu.c.o
 .comment       0x0000000000000000       0x12 debug.c.o
 .comment       0x0000000000000000       0x12 util.c.o
 .comment       0x0000000000000000       0x12 dumper.c.o
