Archive member included because of file (symbol)

c:/PSDK3v2/psl1ght/ppu/lib\librt.a(sbrk.o)
                              c:/psdk3v2/ps3dev/ppu/bin/../lib/gcc/powerpc64-ps3-elf/4.5.2/../../../../powerpc64-ps3-elf/lib/lv2-crt0.o (__librt_sbrk_r)
c:/PSDK3v2/psl1ght/ppu/lib\librt.a(exit.o)
                              c:/psdk3v2/ps3dev/ppu/bin/../lib/gcc/powerpc64-ps3-elf/4.5.2/../../../../powerpc64-ps3-elf/lib/lv2-crt0.o (__librt_exit)
c:/PSDK3v2/psl1ght/ppu/lib\librt.a(close.o)
                              c:/psdk3v2/ps3dev/ppu/bin/../lib/gcc/powerpc64-ps3-elf/4.5.2/../../../../powerpc64-ps3-elf/lib/lv2-crt0.o (__librt_close_r)
c:/PSDK3v2/psl1ght/ppu/lib\librt.a(lseek.o)
                              c:/psdk3v2/ps3dev/ppu/bin/../lib/gcc/powerpc64-ps3-elf/4.5.2/../../../../powerpc64-ps3-elf/lib/lv2-crt0.o (__librt_lseek_r)
c:/PSDK3v2/psl1ght/ppu/lib\librt.a(read.o)
                              c:/psdk3v2/ps3dev/ppu/bin/../lib/gcc/powerpc64-ps3-elf/4.5.2/../../../../powerpc64-ps3-elf/lib/lv2-crt0.o (__librt_read_r)
c:/PSDK3v2/psl1ght/ppu/lib\librt.a(open.o)
                              c:/psdk3v2/ps3dev/ppu/bin/../lib/gcc/powerpc64-ps3-elf/4.5.2/../../../../powerpc64-ps3-elf/lib/lv2-crt0.o (__librt_open_r)
c:/PSDK3v2/psl1ght/ppu/lib\librt.a(sleep.o)
                              c:/psdk3v2/ps3dev/ppu/bin/../lib/gcc/powerpc64-ps3-elf/4.5.2/../../../../powerpc64-ps3-elf/lib/lv2-crt0.o (__librt_usleep_r)
c:/PSDK3v2/psl1ght/ppu/lib\librt.a(write.o)
                              c:/psdk3v2/ps3dev/ppu/bin/../lib/gcc/powerpc64-ps3-elf/4.5.2/../../../../powerpc64-ps3-elf/lib/lv2-crt0.o (__librt_write_r)
c:/PSDK3v2/psl1ght/ppu/lib\librt.a(fstat.o)
                              c:/psdk3v2/ps3dev/ppu/bin/../lib/gcc/powerpc64-ps3-elf/4.5.2/../../../../powerpc64-ps3-elf/lib/lv2-crt0.o (__librt_fstat_r)
c:/PSDK3v2/psl1ght/ppu/lib\librt.a(socket.o)
                              c:/PSDK3v2/psl1ght/ppu/lib\librt.a(write.o) (send)
c:/PSDK3v2/psl1ght/ppu/lib\librt.a(lock.o)
                              c:/psdk3v2/ps3dev/ppu/bin/../lib/gcc/powerpc64-ps3-elf/4.5.2/../../../../powerpc64-ps3-elf/lib/lv2-crt0.o (__librt_sys_lwmutex_create_r)
c:/PSDK3v2/psl1ght/ppu/lib\librt.a(dirent.o)
                              c:/psdk3v2/ps3dev/ppu/bin/../lib/gcc/powerpc64-ps3-elf/4.5.2/../../../../powerpc64-ps3-elf/lib/lv2-crt0.o (__librt_opendir_r)
c:/PSDK3v2/psl1ght/ppu/lib\librt.a(mkdir.o)
                              c:/psdk3v2/ps3dev/ppu/bin/../lib/gcc/powerpc64-ps3-elf/4.5.2/../../../../powerpc64-ps3-elf/lib/lv2-crt0.o (__librt_mkdir_r)
c:/PSDK3v2/psl1ght/ppu/lib\librt.a(times.o)
                              c:/psdk3v2/ps3dev/ppu/bin/../lib/gcc/powerpc64-ps3-elf/4.5.2/../../../../powerpc64-ps3-elf/lib/lv2-crt0.o (__librt_times_r)
c:/PSDK3v2/psl1ght/ppu/lib\librt.a(umask.o)
                              c:/psdk3v2/ps3dev/ppu/bin/../lib/gcc/powerpc64-ps3-elf/4.5.2/../../../../powerpc64-ps3-elf/lib/lv2-crt0.o (__librt_umask_r)
c:/PSDK3v2/psl1ght/ppu/lib\librt.a(lv2errno.o)
                              c:/PSDK3v2/psl1ght/ppu/lib\librt.a(socket.o) (lv2errno)
c:/PSDK3v2/psl1ght/ppu/lib\librt.a(heap.o)
                              c:/PSDK3v2/psl1ght/ppu/lib\librt.a(sbrk.o) (heapInit)
c:/PSDK3v2/psl1ght/ppu/lib\librt.a(chmod.o)
                              c:/psdk3v2/ps3dev/ppu/bin/../lib/gcc/powerpc64-ps3-elf/4.5.2/../../../../powerpc64-ps3-elf/lib/lv2-crt0.o (__librt_chmod_r)
c:/PSDK3v2/psl1ght/ppu/lib\librt.a(rmdir.o)
                              c:/psdk3v2/ps3dev/ppu/bin/../lib/gcc/powerpc64-ps3-elf/4.5.2/../../../../powerpc64-ps3-elf/lib/lv2-crt0.o (__librt_rmdir_r)
c:/PSDK3v2/psl1ght/ppu/lib\librt.a(isatty.o)
                              c:/psdk3v2/ps3dev/ppu/bin/../lib/gcc/powerpc64-ps3-elf/4.5.2/../../../../powerpc64-ps3-elf/lib/lv2-crt0.o (__librt_isatty_r)
c:/PSDK3v2/psl1ght/ppu/lib\librt.a(gettod.o)
                              c:/psdk3v2/ps3dev/ppu/bin/../lib/gcc/powerpc64-ps3-elf/4.5.2/../../../../powerpc64-ps3-elf/lib/lv2-crt0.o (__librt_gettod_r)
c:/PSDK3v2/psl1ght/ppu/lib\librt.a(settod.o)
                              c:/psdk3v2/ps3dev/ppu/bin/../lib/gcc/powerpc64-ps3-elf/4.5.2/../../../../powerpc64-ps3-elf/lib/lv2-crt0.o (__librt_settod_r)
c:/PSDK3v2/psl1ght/ppu/lib\liblv2.a(sprx.o)
                              c:/PSDK3v2/psl1ght/ppu/lib\librt.a(sbrk.o) (sysSpinlockInitialize)
c:/psdk3v2/ps3dev/ppu/bin/../lib/gcc/powerpc64-ps3-elf/4.5.2/../../../../powerpc64-ps3-elf/lib\libsysbase.a(syscalls.o)
                              c:/psdk3v2/ps3dev/ppu/bin/../lib/gcc/powerpc64-ps3-elf/4.5.2/../../../../powerpc64-ps3-elf/lib/lv2-crt0.o (__syscalls)
c:/psdk3v2/ps3dev/ppu/bin/../lib/gcc/powerpc64-ps3-elf/4.5.2/../../../../powerpc64-ps3-elf/lib\libc.a(lib_a-errno.o)
                              c:/PSDK3v2/psl1ght/ppu/lib\librt.a(socket.o) (__errno)
c:/psdk3v2/ps3dev/ppu/bin/../lib/gcc/powerpc64-ps3-elf/4.5.2/../../../../powerpc64-ps3-elf/lib\libc.a(lib_a-exit.o)
[...]
Memory Configuration

Name             Origin             Length             Attributes
*default*        0x0000000000000000 0xffffffffffffffff

Linker script and memory map

                0x0000000000010000                PROVIDE (__executable_start, 0x10000)
                0x0000000000010200                . = (0x10000 + SIZEOF_HEADERS)

.interp
 *(.interp)

.hash
 *(.hash)

.dynsym
 *(.dynsym)

.dynstr
 *(.dynstr)

.gnu.version
 *(.gnu.version)

.gnu.version_d
 *(.gnu.version_d)

.gnu.version_r
 *(.gnu.version_r)

.rel.dyn
 *(.rel.init)
 *(.rel.text .rel.text.* .rel.gnu.linkonce.t.*)
 *(.rel.fini)
 *(.rel.rodata .rel.rodata.* .rel.gnu.linkonce.r.*)
 *(.rel.data.rel.ro*)
 *(.rel.data .rel.data.* .rel.gnu.linkonce.d.*)
 *(.rel.tdata .rel.tdata.* .rel.gnu.linkonce.td.*)
 *(.rel.tbss .rel.tbss.* .rel.gnu.linkonce.tb.*)
 *(.rel.ctors)
 *(.rel.dtors)
 *(.rel.got)
 *(.rel.sdata .rel.sdata.* .rel.gnu.linkonce.s.*)
 *(.rel.sbss .rel.sbss.* .rel.gnu.linkonce.sb.*)
 *(.rel.sdata2 .rel.sdata2.* .rel.gnu.linkonce.s2.*)
 *(.rel.sbss2 .rel.sbss2.* .rel.gnu.linkonce.sb2.*)
 *(.rel.bss .rel.bss.* .rel.gnu.linkonce.b.*)

.rela.dyn       0x0000000000010200        0x0
 *(.rela.init)
 *(.rela.text .rela.text.* .rela.gnu.linkonce.t.*)
 *(.rela.fini)
 *(.rela.rodata .rela.rodata.* .rela.gnu.linkonce.r.*)
 *(.rela.data .rela.data.* .rela.gnu.linkonce.d.*)
 *(.rela.tdata .rela.tdata.* .rela.gnu.linkonce.td.*)
 *(.rela.tbss .rela.tbss.* .rela.gnu.linkonce.tb.*)
 *(.rela.ctors)
 *(.rela.dtors)
 *(.rela.got)
 *(.rela.toc)
 .rela.toc      0x0000000000000000        0x0 linker stubs
 *(.rela.sdata .rela.sdata.* .rela.gnu.linkonce.s.*)
 *(.rela.sbss .rela.sbss.* .rela.gnu.linkonce.sb.*)
 *(.rela.sdata2 .rela.sdata2.* .rela.gnu.linkonce.s2.*)
 *(.rela.sbss2 .rela.sbss2.* .rela.gnu.linkonce.sb2.*)
 *(.rela.bss .rela.bss.* .rela.gnu.linkonce.b.*)
 .rela.iplt     0x0000000000000000        0x0 linker stubs
 .rela.sys_proc_prx_param
                0x0000000000000000        0x0 linker stubs
 .rela.opd      0x0000000000000000        0x0 linker stubs

.rel.plt
 *(.rel.plt)

.rela.plt
 *(.rela.plt)

.rela.tocbss
 *(.rela.tocbss)

.init           0x0000000000010200       0x2c
 *(.init)
 .init          0x0000000000010200        0xc c:/psdk3v2/ps3dev/ppu/bin/../lib/gcc/powerpc64-ps3-elf/4.5.2/../../../../powerpc64-ps3-elf/lib/lv2-crti.o
                0x0000000000010200                ._init
 .init          0x000000000001020c        0x8 c:/psdk3v2/ps3dev/ppu/bin/../lib/gcc/powerpc64-ps3-elf/4.5.2/crtbegin.o
 .init          0x0000000000010214        0x8 c:/psdk3v2/ps3dev/ppu/bin/../lib/gcc/powerpc64-ps3-elf/4.5.2/crtend.o
 .init          0x000000000001021c       0x10 c:/psdk3v2/ps3dev/ppu/bin/../lib/gcc/powerpc64-ps3-elf/4.5.2/../../../../powerpc64-ps3-elf/lib/lv2-crtn.o

.text           0x0000000000010230    0x1662c
 *(.text .stub .text.* .gnu.linkonce.t.*)
 .text          0x0000000000010230        0x0 c:/psdk3v2/ps3dev/ppu/bin/../lib/gcc/powerpc64-ps3-elf/4.5.2/../../../../powerpc64-ps3-elf/lib/lv2-crti.o
 .text          0x0000000000010230        0x0 c:/psdk3v2/ps3dev/ppu/bin/../lib/gcc/powerpc64-ps3-elf/4.5.2/crtbegin.o
 .text.__do_global_dtors_aux
                0x0000000000010230       0xc8 c:/psdk3v2/ps3dev/ppu/bin/../lib/gcc/powerpc64-ps3-elf/4.5.2/crtbegin.o
 .text.frame_dummy
                0x00000000000102f8       0x70 c:/psdk3v2/ps3dev/ppu/bin/../lib/gcc/powerpc64-ps3-elf/4.5.2/crtbegin.o
 .text          0x0000000000010368       0x58 c:/psdk3v2/ps3dev/ppu/bin/../lib/gcc/powerpc64-ps3-elf/4.5.2/../../../../powerpc64-ps3-elf/lib/lv2-crt0.o
                0x0000000000010368                ._start
 .text.__syscalls_init
                0x00000000000103c0      0x15c c:/psdk3v2/ps3dev/ppu/bin/../lib/gcc/powerpc64-ps3-elf/4.5.2/../../../../powerpc64-ps3-elf/lib/lv2-crt0.o
 *fill*         0x000000000001051c        0x4 60000000
 .text._initialize
                0x0000000000010520       0x40 c:/psdk3v2/ps3dev/ppu/bin/../lib/gcc/powerpc64-ps3-elf/4.5.2/../../../../powerpc64-ps3-elf/lib/lv2-crt0.o
                0x0000000000010520                ._initialize
 .text          0x0000000000010560        0x0 c:/psdk3v2/ps3dev/ppu/bin/../lib/gcc/powerpc64-ps3-elf/4.5.2/../../../../powerpc64-ps3-elf/lib/lv2-sprx.o
 .text          0x0000000000010560        0x0 hvcall.o
 .text.lv1_insert_htab_entry
                0x0000000000010560      0x244 hvcall.o
                0x0000000000010560                .lv1_insert_htab_entry
 *fill*         0x00000000000107a4        0x4 60000000
 .text.lv1_write_htab_entry
                0x00000000000107a8      0x1f0 hvcall.o
                0x00000000000107a8                .lv1_write_htab_entry
 .text.lv1_undocumented_function_114
                0x0000000000010998      0x1f4 hvcall.o
                0x0000000000010998                .lv1_undocumented_function_114
 *fill*         0x0000000000010b8c        0x4 60000000
 .text.lv1_undocumented_function_115
                0x0000000000010b90      0x1bc hvcall.o
                0x0000000000010b90                .lv1_undocumented_function_115
 *fill*         0x0000000000010d4c        0x4 60000000
 .text.lv1_panic
                0x0000000000010d50      0x1bc hvcall.o
                0x0000000000010d50                .lv1_panic
 .text          0x0000000000010f0c        0x0 main.o
 *fill*         0x0000000000010f0c        0x4 60000000
 .text.main     0x0000000000010f10      0x3d0 main.o
                0x0000000000010f10                .main
 .text          0x00000000000112e0        0x0 mm.o
 .text.mm_insert_htab_entry
                0x00000000000112e0       0xa0 mm.o
                0x00000000000112e0                .mm_insert_htab_entry
 .text.mm_map_lpar_memory_region
                0x0000000000011380       0xbc mm.o
                0x0000000000011380                .mm_map_lpar_memory_region
 .text          0x000000000001143c        0x0 payload.o
 .text          0x000000000001143c        0x0 peek_poke.o
 *fill*         0x000000000001143c        0x4 60000000
 .text.lv2_peek
                0x0000000000011440       0x28 peek_poke.o
                0x0000000000011440                .lv2_peek
 .text.lv2_poke
                0x0000000000011468       0x30 peek_poke.o
                0x0000000000011468                .lv2_poke
 .text.lv2_poke32
                0x0000000000011498       0x60 peek_poke.o
                0x0000000000011498                .lv2_poke32
 .text.lv2_poke16
                0x00000000000114f8       0x60 peek_poke.o
                0x00000000000114f8                .lv2_poke16
 .text.lv2_poke8
                0x0000000000011558       0x60 peek_poke.o
                0x0000000000011558                .lv2_poke8
 .text.lv2_copy_memory
                0x00000000000115b8      0x170 peek_poke.o
                0x00000000000115b8                .lv2_copy_memory
 .text.lv1_peek
                0x0000000000011728       0x38 peek_poke.o
                0x0000000000011728                .lv1_peek
 .text.lv1_poke
                0x0000000000011760       0x38 peek_poke.o
                0x0000000000011760                .lv1_poke
 .text.install_new_poke
                0x0000000000011798       0x90 peek_poke.o
                0x0000000000011798                .install_new_poke
 .text.remove_new_poke
                0x0000000000011828       0x90 peek_poke.o
                0x0000000000011828                .remove_new_poke
 .text          0x00000000000118b8        0x0 c:/PSDK3v2/psl1ght/ppu/lib\librt.a(sbrk.o)
 .text.sbrk_init
                0x00000000000118b8       0xc4 c:/PSDK3v2/psl1ght/ppu/lib\librt.a(sbrk.o)
 *fill*         0x000000000001197c        0x4 60000000
 .text.sbrk_deinit
                0x0000000000011980       0xbc c:/PSDK3v2/psl1ght/ppu/lib\librt.a(sbrk.o)
 *fill*         0x0000000000011a3c        0x4 60000000
 .text.__librt_sbrk_r
                0x0000000000011a40      0x324 c:/PSDK3v2/psl1ght/ppu/lib\librt.a(sbrk.o)
                0x0000000000011a40                .__librt_sbrk_r
 .text          0x0000000000011d64        0x0 c:/PSDK3v2/psl1ght/ppu/lib\librt.a(exit.o)
 *fill*         0x0000000000011d64        0x4 60000000
 .text.__librt_exit
                0x0000000000011d68       0x30 c:/PSDK3v2/psl1ght/ppu/lib\librt.a(exit.o)
                0x0000000000011d68                .__librt_exit
 .text          0x0000000000011d98        0x0 c:/PSDK3v2/psl1ght/ppu/lib\librt.a(close.o)
 .text.__librt_close_r
                0x0000000000011d98       0x8c c:/PSDK3v2/psl1ght/ppu/lib\librt.a(close.o)
                0x0000000000011d98                .__librt_close_r
 .text          0x0000000000011e24        0x0 c:/PSDK3v2/psl1ght/ppu/lib\librt.a(lseek.o)
 *fill*         0x0000000000011e24        0x4 60000000
 .text.__librt_lseek_r
                0x0000000000011e28       0x8c c:/PSDK3v2/psl1ght/ppu/lib\librt.a(lseek.o)
                0x0000000000011e28                .__librt_lseek_r
 *fill*         0x0000000000011eb4        0x4 60000000
 .text.__librt_lseek64_r
                0x0000000000011eb8       0x8c c:/PSDK3v2/psl1ght/ppu/lib\librt.a(lseek.o)
                0x0000000000011eb8                .__librt_lseek64_r
 .text          0x0000000000011f44        0x0 c:/PSDK3v2/psl1ght/ppu/lib\librt.a(read.o)
 *fill*         0x0000000000011f44        0x4 60000000
 .text.__librt_read_r
                0x0000000000011f48      0x11c c:/PSDK3v2/psl1ght/ppu/lib\librt.a(read.o)
                0x0000000000011f48                .__librt_read_r
 .text          0x0000000000012064        0x0 c:/PSDK3v2/psl1ght/ppu/lib\librt.a(open.o)
 *fill*         0x0000000000012064        0x4 60000000
 .text.__librt_open_r
                0x0000000000012068      0x180 c:/PSDK3v2/psl1ght/ppu/lib\librt.a(open.o)
                0x0000000000012068                .__librt_open_r
 .text          0x00000000000121e8        0x0 c:/PSDK3v2/psl1ght/ppu/lib\librt.a(sleep.o)
 .text.__librt_usleep_r
                0x00000000000121e8       0x50 c:/PSDK3v2/psl1ght/ppu/lib\librt.a(sleep.o)
                0x00000000000121e8                .__librt_usleep_r
 .text.__librt_sleep_r
                0x0000000000012238       0x8c c:/PSDK3v2/psl1ght/ppu/lib\librt.a(sleep.o)
                0x0000000000012238                .__librt_sleep_r
 .text          0x00000000000122c4        0x0 c:/PSDK3v2/psl1ght/ppu/lib\librt.a(write.o)
 *fill*         0x00000000000122c4        0x4 60000000
 .text.__librt_write_r
                0x00000000000122c8      0x11c c:/PSDK3v2/psl1ght/ppu/lib\librt.a(write.o)
                0x00000000000122c8                .__librt_write_r
 .text          0x00000000000123e4        0x0 c:/PSDK3v2/psl1ght/ppu/lib\librt.a(fstat.o)
 *fill*         0x00000000000123e4        0x4 60000000
 .text.__librt_fstat_r
                0x00000000000123e8       0xd0 c:/PSDK3v2/psl1ght/ppu/lib\librt.a(fstat.o)
                0x00000000000123e8                .__librt_fstat_r
 .text.__librt_fstat64_r
                0x00000000000124b8       0xd0 c:/PSDK3v2/psl1ght/ppu/lib\librt.a(fstat.o)
                0x00000000000124b8                .__librt_fstat64_r
 .text.__librt_stat_r
                0x0000000000012588       0xd0 c:/PSDK3v2/psl1ght/ppu/lib\librt.a(fstat.o)
                0x0000000000012588                .__librt_stat_r
 .text.__librt_stat64_r
                0x0000000000012658       0xd0 c:/PSDK3v2/psl1ght/ppu/lib\librt.a(fstat.o)
                0x0000000000012658                .__librt_stat64_r
 .text          0x0000000000012728        0x0 c:/PSDK3v2/psl1ght/ppu/lib\librt.a(socket.o)
 .text.accept   0x0000000000012728       0xa0 c:/PSDK3v2/psl1ght/ppu/lib\librt.a(socket.o)
                0x0000000000012728                .accept
 .text.bind     0x00000000000127c8       0x48 c:/PSDK3v2/psl1ght/ppu/lib\librt.a(socket.o)
                0x00000000000127c8                .bind
 .text.connect  0x0000000000012810       0x48 c:/PSDK3v2/psl1ght/ppu/lib\librt.a(socket.o)
                0x0000000000012810                .connect
 .text.listen   0x0000000000012858       0x48 c:/PSDK3v2/psl1ght/ppu/lib\librt.a(socket.o)
                0x0000000000012858                .listen
 .text.socket   0x00000000000128a0       0x54 c:/PSDK3v2/psl1ght/ppu/lib\librt.a(socket.o)
                0x00000000000128a0                .socket
 *fill*         0x00000000000128f4        0x4 60000000
 .text.send     0x00000000000128f8       0x50 c:/PSDK3v2/psl1ght/ppu/lib\librt.a(socket.o)
                0x00000000000128f8                .send
 .text.sendto   0x0000000000012948       0x48 c:/PSDK3v2/psl1ght/ppu/lib\librt.a(socket.o)
                0x0000000000012948                .sendto
 .text.recv     0x0000000000012990       0x50 c:/PSDK3v2/psl1ght/ppu/lib\librt.a(socket.o)
                0x0000000000012990                .recv
 .text.recvfrom
                0x00000000000129e0       0x98 c:/PSDK3v2/psl1ght/ppu/lib\librt.a(socket.o)
                0x00000000000129e0                .recvfrom
 .text.shutdown
                0x0000000000012a78       0x48 c:/PSDK3v2/psl1ght/ppu/lib\librt.a(socket.o)
                0x0000000000012a78                .shutdown
 .text.inet_aton
                0x0000000000012ac0       0xb8 c:/PSDK3v2/psl1ght/ppu/lib\librt.a(socket.o)
                0x0000000000012ac0                .inet_aton
 .text.inet_pton
                0x0000000000012b78       0x54 c:/PSDK3v2/psl1ght/ppu/lib\librt.a(socket.o)
                0x0000000000012b78                .inet_pton
 *fill*         0x0000000000012bcc        0x4 60000000
 .text.select   0x0000000000012bd0       0x3c c:/PSDK3v2/psl1ght/ppu/lib\librt.a(socket.o)
                0x0000000000012bd0                .select
 *fill*         0x0000000000012c0c        0x4 60000000
 .text.closesocket
                0x0000000000012c10       0x48 c:/PSDK3v2/psl1ght/ppu/lib\librt.a(socket.o)
                0x0000000000012c10                .closesocket
 .text          0x0000000000012c58        0x0 c:/PSDK3v2/psl1ght/ppu/lib\librt.a(lock.o)
 .text.__librt_sys_lwmutex_create_r
                0x0000000000012c58       0x38 c:/PSDK3v2/psl1ght/ppu/lib\librt.a(lock.o)
                0x0000000000012c58                .__librt_sys_lwmutex_create_r
 .text.__librt_sys_lwmutex_destroy_r
                0x0000000000012c90       0x34 c:/PSDK3v2/psl1ght/ppu/lib\librt.a(lock.o)
                0x0000000000012c90                .__librt_sys_lwmutex_destroy_r
 *fill*         0x0000000000012cc4        0x4 60000000
 .text.__librt_sys_lwmutex_lock_r
                0x0000000000012cc8       0x38 c:/PSDK3v2/psl1ght/ppu/lib\librt.a(lock.o)
                0x0000000000012cc8                .__librt_sys_lwmutex_lock_r
 .text.__librt_sys_lwmutex_trylock_r
                0x0000000000012d00       0x34 c:/PSDK3v2/psl1ght/ppu/lib\librt.a(lock.o)
                0x0000000000012d00                .__librt_sys_lwmutex_trylock_r
 *fill*         0x0000000000012d34        0x4 60000000
 .text.__librt_sys_lwmutex_unlock_r
                0x0000000000012d38       0x34 c:/PSDK3v2/psl1ght/ppu/lib\librt.a(lock.o)
                0x0000000000012d38                .__librt_sys_lwmutex_unlock_r
 .text          0x0000000000012d6c        0x0 c:/PSDK3v2/psl1ght/ppu/lib\librt.a(dirent.o)
 *fill*         0x0000000000012d6c        0x4 60000000
 .text.readdir_i
                0x0000000000012d70      0x10c c:/PSDK3v2/psl1ght/ppu/lib\librt.a(dirent.o)
 *fill*         0x0000000000012e7c        0x4 60000000
 .text.__librt_opendir_r
                0x0000000000012e80      0x144 c:/PSDK3v2/psl1ght/ppu/lib\librt.a(dirent.o)
                0x0000000000012e80                .__librt_opendir_r
 *fill*         0x0000000000012fc4        0x4 60000000
 .text.__librt_readdir_r
                0x0000000000012fc8       0x80 c:/PSDK3v2/psl1ght/ppu/lib\librt.a(dirent.o)
                0x0000000000012fc8                .__librt_readdir_r
 .text.__librt_readdir_r_r
                0x0000000000013048       0x54 c:/PSDK3v2/psl1ght/ppu/lib\librt.a(dirent.o)
                0x0000000000013048                .__librt_readdir_r_r
 *fill*         0x000000000001309c        0x4 60000000
 .text.__librt_closedir_r
                0x00000000000130a0       0x84 c:/PSDK3v2/psl1ght/ppu/lib\librt.a(dirent.o)
                0x00000000000130a0                .__librt_closedir_r
 *fill*         0x0000000000013124        0x4 60000000
 .text.__librt_telldir_r
                0x0000000000013128       0x24 c:/PSDK3v2/psl1ght/ppu/lib\librt.a(dirent.o)
                0x0000000000013128                .__librt_telldir_r
 *fill*         0x000000000001314c        0x4 60000000
 .text.__librt_rewinddir_r
                0x0000000000013150       0x18 c:/PSDK3v2/psl1ght/ppu/lib\librt.a(dirent.o)
                0x0000000000013150                .__librt_rewinddir_r
 .text.__librt_seekdir_r
                0x0000000000013168       0x18 c:/PSDK3v2/psl1ght/ppu/lib\librt.a(dirent.o)
                0x0000000000013168                .__librt_seekdir_r
 .text          0x0000000000013180        0x0 c:/PSDK3v2/psl1ght/ppu/lib\librt.a(mkdir.o)
 .text.__librt_mkdir_r
                0x0000000000013180       0x60 c:/PSDK3v2/psl1ght/ppu/lib\librt.a(mkdir.o)
                0x0000000000013180                .__librt_mkdir_r
 .text          0x00000000000131e0        0x0 c:/PSDK3v2/psl1ght/ppu/lib\librt.a(times.o)
 .text.__librt_times_r
                0x00000000000131e0       0x1c c:/PSDK3v2/psl1ght/ppu/lib\librt.a(times.o)
                0x00000000000131e0                .__librt_times_r
 .text          0x00000000000131fc        0x0 c:/PSDK3v2/psl1ght/ppu/lib\librt.a(umask.o)
 *fill*         0x00000000000131fc        0x4 60000000
 .text.__librt_umask_r
                0x0000000000013200       0x20 c:/PSDK3v2/psl1ght/ppu/lib\librt.a(umask.o)
                0x0000000000013200                .__librt_umask_r
 .text          0x0000000000013220        0x0 c:/PSDK3v2/psl1ght/ppu/lib\librt.a(lv2errno.o)
 .text.lv2error
                0x0000000000013220      0x3dc c:/PSDK3v2/psl1ght/ppu/lib\librt.a(lv2errno.o)
                0x0000000000013220                .lv2error
 *fill*         0x00000000000135fc        0x4 60000000
 .text.lv2errno
                0x0000000000013600       0x68 c:/PSDK3v2/psl1ght/ppu/lib\librt.a(lv2errno.o)
                0x0000000000013600                .lv2errno
 .text.lv2errno_r
                0x0000000000013668       0x58 c:/PSDK3v2/psl1ght/ppu/lib\librt.a(lv2errno.o)
                0x0000000000013668                .lv2errno_r
 .text          0x00000000000136c0        0x0 c:/PSDK3v2/psl1ght/ppu/lib\librt.a(heap.o)
 .text.heapInit
                0x00000000000136c0       0xe8 c:/PSDK3v2/psl1ght/ppu/lib\librt.a(heap.o)
                0x00000000000136c0                .heapInit
 .text.heapAllocate
                0x00000000000137a8      0x174 c:/PSDK3v2/psl1ght/ppu/lib\librt.a(heap.o)
                0x00000000000137a8                .heapAllocate
 *fill*         0x000000000001391c        0x4 60000000
 .text.heapAllocateAligned
                0x0000000000013920      0x224 c:/PSDK3v2/psl1ght/ppu/lib\librt.a(heap.o)
                0x0000000000013920                .heapAllocateAligned
 *fill*         0x0000000000013b44        0x4 60000000
 .text.heapFree
                0x0000000000013b48      0x224 c:/PSDK3v2/psl1ght/ppu/lib\librt.a(heap.o)
                0x0000000000013b48                .heapFree
 .text          0x0000000000013d6c        0x0 c:/PSDK3v2/psl1ght/ppu/lib\librt.a(chmod.o)
 *fill*         0x0000000000013d6c        0x4 60000000
 .text.__librt_chmod_r
                0x0000000000013d70       0x54 c:/PSDK3v2/psl1ght/ppu/lib\librt.a(chmod.o)
                0x0000000000013d70                .__librt_chmod_r
 .text          0x0000000000013dc4        0x0 c:/PSDK3v2/psl1ght/ppu/lib\librt.a(rmdir.o)
 *fill*         0x0000000000013dc4        0x4 60000000
 .text.__librt_rmdir_r
                0x0000000000013dc8       0x50 c:/PSDK3v2/psl1ght/ppu/lib\librt.a(rmdir.o)
                0x0000000000013dc8                .__librt_rmdir_r
 .text          0x0000000000013e18        0x0 c:/PSDK3v2/psl1ght/ppu/lib\librt.a(isatty.o)
 .text.__librt_isatty_r
                0x0000000000013e18       0x2c c:/PSDK3v2/psl1ght/ppu/lib\librt.a(isatty.o)
                0x0000000000013e18                .__librt_isatty_r
 .text          0x0000000000013e44        0x0 c:/PSDK3v2/psl1ght/ppu/lib\librt.a(gettod.o)
 *fill*         0x0000000000013e44        0x4 60000000
 .text.__librt_gettod_r
                0x0000000000013e48       0xb8 c:/PSDK3v2/psl1ght/ppu/lib\librt.a(gettod.o)
                0x0000000000013e48                .__librt_gettod_r
 .text          0x0000000000013f00        0x0 c:/PSDK3v2/psl1ght/ppu/lib\librt.a(settod.o)
 .text.__librt_settod_r
                0x0000000000013f00       0x58 c:/PSDK3v2/psl1ght/ppu/lib\librt.a(settod.o)
                0x0000000000013f00                .__librt_settod_r
 .text          0x0000000000013f58        0x0 c:/PSDK3v2/psl1ght/ppu/lib\liblv2.a(sprx.o)
 .text          0x0000000000013f58        0x0 c:/psdk3v2/ps3dev/ppu/bin/../lib/gcc/powerpc64-ps3-elf/4.5.2/../../../../powerpc64-ps3-elf/lib\libsysbase.a(syscalls.o)
 .text          0x0000000000013f58        0x0 c:/psdk3v2/ps3dev/ppu/bin/../lib/gcc/powerpc64-ps3-elf/4.5.2/../../../../powerpc64-ps3-elf/lib\libc.a(lib_a-errno.o)
 .text.__errno  0x0000000000013f58       0x30 c:/psdk3v2/ps3dev/ppu/bin/../lib/gcc/powerpc64-ps3-elf/4.5.2/../../../../powerpc64-ps3-elf/lib\libc.a(lib_a-errno.o)
                0x0000000000013f58                .__errno
 .text          0x0000000000013f88        0x0 c:/psdk3v2/ps3dev/ppu/bin/../lib/gcc/powerpc64-ps3-elf/4.5.2/../../../../powerpc64-ps3-elf/lib\libc.a(lib_a-exit.o)
 .text.exit     0x0000000000013f88       0x68 c:/psdk3v2/ps3dev/ppu/bin/../lib/gcc/powerpc64-ps3-elf/4.5.2/../../../../powerpc64-ps3-elf/lib\libc.a(lib_a-exit.o)
                0x0000000000013f88                .exit
 .text          0x0000000000013ff0        0x0 c:/psdk3v2/ps3dev/ppu/bin/../lib/gcc/powerpc64-ps3-elf/4.5.2/../../../../powerpc64-ps3-elf/lib\libc.a(lib_a-fclose.o)
 .text._fclose_r
                0x0000000000013ff0      0x1ec c:/psdk3v2/ps3dev/ppu/bin/../lib/gcc/powerpc64-ps3-elf/4.5.2/../../../../powerpc64-ps3-elf/lib\libc.a(lib_a-fclose.o)
                0x0000000000013ff0                ._fclose_r
 *fill*         0x00000000000141dc        0x4 60000000
 .text.fclose   0x00000000000141e0       0x40 c:/psdk3v2/ps3dev/ppu/bin/../lib/gcc/powerpc64-ps3-elf/4.5.2/../../../../powerpc64-ps3-elf/lib\libc.a(lib_a-fclose.o)
                0x00000000000141e0                .fclose
 .text          0x0000000000014220        0x0 c:/psdk3v2/ps3dev/ppu/bin/../lib/gcc/powerpc64-ps3-elf/4.5.2/../../../../powerpc64-ps3-elf/lib\libc.a(lib_a-fflush.o)
 .text._fflush_r
                0x0000000000014220      0x410 c:/psdk3v2/ps3dev/ppu/bin/../lib/gcc/powerpc64-ps3-elf/4.5.2/../../../../powerpc64-ps3-elf/lib\libc.a(lib_a-fflush.o)
                0x0000000000014220                ._fflush_r
 .text.fflush   0x0000000000014630       0x74 c:/psdk3v2/ps3dev/ppu/bin/../lib/gcc/powerpc64-ps3-elf/4.5.2/../../../../powerpc64-ps3-elf/lib\libc.a(lib_a-fflush.o)
                0x0000000000014630                .fflush
 .text          0x00000000000146a4        0x0 c:/psdk3v2/ps3dev/ppu/bin/../lib/gcc/powerpc64-ps3-elf/4.5.2/../../../../powerpc64-ps3-elf/lib\libc.a(lib_a-findfp.o)
 *fill*         0x00000000000146a4        0x4 60000000
 .text._cleanup_r
                0x00000000000146a8       0x34 c:/psdk3v2/ps3dev/ppu/bin/../lib/gcc/powerpc64-ps3-elf/4.5.2/../../../../powerpc64-ps3-elf/lib\libc.a(lib_a-findfp.o)
                0x00000000000146a8                ._cleanup_r
 *fill*         0x00000000000146dc        0x4 60000000
 .text.__fp_unlock
                0x00000000000146e0       0x48 c:/psdk3v2/ps3dev/ppu/bin/../lib/gcc/powerpc64-ps3-elf/4.5.2/../../../../powerpc64-ps3-elf/lib\libc.a(lib_a-findfp.o)
 .text.__fp_lock
                0x0000000000014728       0x48 c:/psdk3v2/ps3dev/ppu/bin/../lib/gcc/powerpc64-ps3-elf/4.5.2/../../../../powerpc64-ps3-elf/lib\libc.a(lib_a-findfp.o)
 .text.__sfmoreglue
                0x0000000000014770       0x94 c:/psdk3v2/ps3dev/ppu/bin/../lib/gcc/powerpc64-ps3-elf/4.5.2/../../../../powerpc64-ps3-elf/lib\libc.a(lib_a-findfp.o)
                0x0000000000014770                .__sfmoreglue
 *fill*         0x0000000000014804        0x4 60000000
 .text._cleanup
                0x0000000000014808       0x18 c:/psdk3v2/ps3dev/ppu/bin/../lib/gcc/powerpc64-ps3-elf/4.5.2/../../../../powerpc64-ps3-elf/lib\libc.a(lib_a-findfp.o)
                0x0000000000014808                ._cleanup
 .text.__sfp_lock_acquire
                0x0000000000014820       0x34 c:/psdk3v2/ps3dev/ppu/bin/../lib/gcc/powerpc64-ps3-elf/4.5.2/../../../../powerpc64-ps3-elf/lib\libc.a(lib_a-findfp.o)
                0x0000000000014820                .__sfp_lock_acquire
 *fill*         0x0000000000014854        0x4 60000000
 .text.__sfp_lock_release
                0x0000000000014858       0x34 c:/psdk3v2/ps3dev/ppu/bin/../lib/gcc/powerpc64-ps3-elf/4.5.2/../../../../powerpc64-ps3-elf/lib\libc.a(lib_a-findfp.o)
                0x0000000000014858                .__sfp_lock_release
 *fill*         0x000000000001488c        0x4 60000000
 .text.__sinit_lock_acquire
                0x0000000000014890       0x34 c:/psdk3v2/ps3dev/ppu/bin/../lib/gcc/powerpc64-ps3-elf/4.5.2/../../../../powerpc64-ps3-elf/lib\libc.a(lib_a-findfp.o)
                0x0000000000014890                .__sinit_lock_acquire
 *fill*         0x00000000000148c4        0x4 60000000
 .text.__sinit_lock_release
                0x00000000000148c8       0x34 c:/psdk3v2/ps3dev/ppu/bin/../lib/gcc/powerpc64-ps3-elf/4.5.2/../../../../powerpc64-ps3-elf/lib\libc.a(lib_a-findfp.o)
                0x00000000000148c8                .__sinit_lock_release
 *fill*         0x00000000000148fc        0x4 60000000
 .text.__sinit  0x0000000000014900      0x1d8 c:/psdk3v2/ps3dev/ppu/bin/../lib/gcc/powerpc64-ps3-elf/4.5.2/../../../../powerpc64-ps3-elf/lib\libc.a(lib_a-findfp.o)
                0x0000000000014900                .__sinit
 .text.__sfp    0x0000000000014ad8      0x190 c:/psdk3v2/ps3dev/ppu/bin/../lib/gcc/powerpc64-ps3-elf/4.5.2/../../../../powerpc64-ps3-elf/lib\libc.a(lib_a-findfp.o)
                0x0000000000014ad8                .__sfp
 .text.__fp_lock_all
                0x0000000000014c68       0x40 c:/psdk3v2/ps3dev/ppu/bin/../lib/gcc/powerpc64-ps3-elf/4.5.2/../../../../powerpc64-ps3-elf/lib\libc.a(lib_a-findfp.o)
                0x0000000000014c68                .__fp_lock_all
 .text.__fp_unlock_all
                0x0000000000014ca8       0x3c c:/psdk3v2/ps3dev/ppu/bin/../lib/gcc/powerpc64-ps3-elf/4.5.2/../../../../powerpc64-ps3-elf/lib\libc.a(lib_a-findfp.o)
                0x0000000000014ca8                .__fp_unlock_all
 .text          0x0000000000014ce4        0x0 c:/psdk3v2/ps3dev/ppu/bin/../lib/gcc/powerpc64-ps3-elf/4.5.2/../../../../powerpc64-ps3-elf/lib\libc.a(lib_a-fopen.o)
 *fill*         0x0000000000014ce4        0x4 60000000
 .text._fopen_r
                0x0000000000014ce8      0x180 c:/psdk3v2/ps3dev/ppu/bin/../lib/gcc/powerpc64-ps3-elf/4.5.2/../../../../powerpc64-ps3-elf/lib\libc.a(lib_a-fopen.o)
                0x0000000000014ce8                ._fopen_r
 .text.fopen    0x0000000000014e68       0x50 c:/psdk3v2/ps3dev/ppu/bin/../lib/gcc/powerpc64-ps3-elf/4.5.2/../../../../powerpc64-ps3-elf/lib\libc.a(lib_a-fopen.o)
                0x0000000000014e68                .fopen
 .text          0x0000000000014eb8        0x0 c:/psdk3v2/ps3dev/ppu/bin/../lib/gcc/powerpc64-ps3-elf/4.5.2/../../../../powerpc64-ps3-elf/lib\libc.a(lib_a-freer.o)
 .text._malloc_trim_r
                0x0000000000014eb8      0x15c c:/psdk3v2/ps3dev/ppu/bin/../lib/gcc/powerpc64-ps3-elf/4.5.2/../../../../powerpc64-ps3-elf/lib\libc.a(lib_a-freer.o)
                0x0000000000014eb8                ._malloc_trim_r
 *fill*         0x0000000000015014        0x4 60000000
 .text._free_r  0x0000000000015018      0x310 c:/psdk3v2/ps3dev/ppu/bin/../lib/gcc/powerpc64-ps3-elf/4.5.2/../../../../powerpc64-ps3-elf/lib\libc.a(lib_a-freer.o)
                0x0000000000015018                ._free_r
 .text          0x0000000000015328        0x0 c:/psdk3v2/ps3dev/ppu/bin/../lib/gcc/powerpc64-ps3-elf/4.5.2/../../../../powerpc64-ps3-elf/lib\libc.a(lib_a-fseek.o)
 .text._fseek_r
                0x0000000000015328      0x6b4 c:/psdk3v2/ps3dev/ppu/bin/../lib/gcc/powerpc64-ps3-elf/4.5.2/../../../../powerpc64-ps3-elf/lib\libc.a(lib_a-fseek.o)
                0x0000000000015328                ._fseek_r
 *fill*         0x00000000000159dc        0x4 60000000
 .text.fseek    0x00000000000159e0       0x60 c:/psdk3v2/ps3dev/ppu/bin/../lib/gcc/powerpc64-ps3-elf/4.5.2/../../../../powerpc64-ps3-elf/lib\libc.a(lib_a-fseek.o)
                0x00000000000159e0                .fseek
 .text          0x0000000000015a40        0x0 c:/psdk3v2/ps3dev/ppu/bin/../lib/gcc/powerpc64-ps3-elf/4.5.2/../../../../powerpc64-ps3-elf/lib\libc.a(lib_a-fwalk.o)
 .text._fwalk   0x0000000000015a40       0xfc c:/psdk3v2/ps3dev/ppu/bin/../lib/gcc/powerpc64-ps3-elf/4.5.2/../../../../powerpc64-ps3-elf/lib\libc.a(lib_a-fwalk.o)
                0x0000000000015a40                ._fwalk
 *fill*         0x0000000000015b3c        0x4 60000000
 .text._fwalk_reent
                0x0000000000015b40      0x108 c:/psdk3v2/ps3dev/ppu/bin/../lib/gcc/powerpc64-ps3-elf/4.5.2/../../../../powerpc64-ps3-elf/lib\libc.a(lib_a-fwalk.o)
                0x0000000000015b40                ._fwalk_reent
 .text          0x0000000000015c48        0x0 c:/psdk3v2/ps3dev/ppu/bin/../lib/gcc/powerpc64-ps3-elf/4.5.2/../../../../powerpc64-ps3-elf/lib\libc.a(lib_a-fwrite.o)
 .text._fwrite_r
                0x0000000000015c48      0x1c8 c:/psdk3v2/ps3dev/ppu/bin/../lib/gcc/powerpc64-ps3-elf/4.5.2/../../../../powerpc64-ps3-elf/lib\libc.a(lib_a-fwrite.o)
                0x0000000000015c48                ._fwrite_r
 .text.fwrite   0x0000000000015e10       0x70 c:/psdk3v2/ps3dev/ppu/bin/../lib/gcc/powerpc64-ps3-elf/4.5.2/../../../../powerpc64-ps3-elf/lib\libc.a(lib_a-fwrite.o)
                0x0000000000015e10                .fwrite
 .text          0x0000000000015e80        0x0 c:/psdk3v2/ps3dev/ppu/bin/../lib/gcc/powerpc64-ps3-elf/4.5.2/../../../../powerpc64-ps3-elf/lib\libc.a(lib_a-getreent.o)
 .text.__getreent
                0x0000000000015e80      0x1f0 c:/psdk3v2/ps3dev/ppu/bin/../lib/gcc/powerpc64-ps3-elf/4.5.2/../../../../powerpc64-ps3-elf/lib\libc.a(lib_a-getreent.o)
                0x0000000000015e80                .__getreent
 .text          0x0000000000016070        0x0 c:/psdk3v2/ps3dev/ppu/bin/../lib/gcc/powerpc64-ps3-elf/4.5.2/../../../../powerpc64-ps3-elf/lib\libc.a(lib_a-impure.o)
 .text          0x0000000000016070        0x0 c:/psdk3v2/ps3dev/ppu/bin/../lib/gcc/powerpc64-ps3-elf/4.5.2/../../../../powerpc64-ps3-elf/lib\libc.a(lib_a-lock_recursive.o)
 .text.__libc_lock_init_recursive
                0x0000000000016070       0x34 c:/psdk3v2/ps3dev/ppu/bin/../lib/gcc/powerpc64-ps3-elf/4.5.2/../../../../powerpc64-ps3-elf/lib\libc.a(lib_a-lock_recursive.o)
                0x0000000000016070                .__libc_lock_init_recursive
 *fill*         0x00000000000160a4        0x4 60000000
 .text.__libc_lock_close_recursive
                0x00000000000160a8       0x30 c:/psdk3v2/ps3dev/ppu/bin/../lib/gcc/powerpc64-ps3-elf/4.5.2/../../../../powerpc64-ps3-elf/lib\libc.a(lib_a-lock_recursive.o)
                0x00000000000160a8                .__libc_lock_close_recursive
 .text.__libc_lock_acquire_recursive
                0x00000000000160d8       0x58 c:/psdk3v2/ps3dev/ppu/bin/../lib/gcc/powerpc64-ps3-elf/4.5.2/../../../../powerpc64-ps3-elf/lib\libc.a(lib_a-lock_recursive.o)
                0x00000000000160d8                .__libc_lock_acquire_recursive
 .text.__libc_lock_try_acquire_recursive
                0x0000000000016130       0x54 c:/psdk3v2/ps3dev/ppu/bin/../lib/gcc/powerpc64-ps3-elf/4.5.2/../../../../powerpc64-ps3-elf/lib\libc.a(lib_a-lock_recursive.o)
                0x0000000000016130                .__libc_lock_try_acquire_recursive
 *fill*         0x0000000000016184        0x4 60000000
 .text.__libc_lock_release_recursive
                0x0000000000016188       0x54 c:/psdk3v2/ps3dev/ppu/bin/../lib/gcc/powerpc64-ps3-elf/4.5.2/../../../../powerpc64-ps3-elf/lib\libc.a(lib_a-lock_recursive.o)
                0x0000000000016188                .__libc_lock_release_recursive
 .text          0x00000000000161dc        0x0 c:/psdk3v2/ps3dev/ppu/bin/../lib/gcc/powerpc64-ps3-elf/4.5.2/../../../../powerpc64-ps3-elf/lib\libc.a(lib_a-makebuf.o)
 *fill*         0x00000000000161dc        0x4 60000000
 .text.__smakebuf_r
                0x00000000000161e0      0x228 c:/psdk3v2/ps3dev/ppu/bin/../lib/gcc/powerpc64-ps3-elf/4.5.2/../../../../powerpc64-ps3-elf/lib\libc.a(lib_a-makebuf.o)
                0x00000000000161e0                .__smakebuf_r
 .text          0x0000000000016408        0x0 c:/psdk3v2/ps3dev/ppu/bin/../lib/gcc/powerpc64-ps3-elf/4.5.2/../../../../powerpc64-ps3-elf/lib\libc.a(lib_a-malloc.o)
 .text.malloc   0x0000000000016408       0x48 c:/psdk3v2/ps3dev/ppu/bin/../lib/gcc/powerpc64-ps3-elf/4.5.2/../../../../powerpc64-ps3-elf/lib\libc.a(lib_a-malloc.o)
                0x0000000000016408                .malloc
 .text.free     0x0000000000016450       0x48 c:/psdk3v2/ps3dev/ppu/bin/../lib/gcc/powerpc64-ps3-elf/4.5.2/../../../../powerpc64-ps3-elf/lib\libc.a(lib_a-malloc.o)
                0x0000000000016450                .free
 .text          0x0000000000016498        0x0 c:/psdk3v2/ps3dev/ppu/bin/../lib/gcc/powerpc64-ps3-elf/4.5.2/../../../../powerpc64-ps3-elf/lib\libc.a(lib_a-mallocr.o)
 .text._malloc_r
                0x0000000000016498      0x944 c:/psdk3v2/ps3dev/ppu/bin/../lib/gcc/powerpc64-ps3-elf/4.5.2/../../../../powerpc64-ps3-elf/lib\libc.a(lib_a-mallocr.o)
                0x0000000000016498                ._malloc_r
 .text          0x0000000000016ddc        0x0 c:/psdk3v2/ps3dev/ppu/bin/../lib/gcc/powerpc64-ps3-elf/4.5.2/../../../../powerpc64-ps3-elf/lib\libc.a(lib_a-memset.o)
 *fill*         0x0000000000016ddc        0x4 60000000
 .text.memset   0x0000000000016de0      0x130 c:/psdk3v2/ps3dev/ppu/bin/../lib/gcc/powerpc64-ps3-elf/4.5.2/../../../../powerpc64-ps3-elf/lib\libc.a(lib_a-memset.o)
                0x0000000000016de0                .memset
 .text          0x0000000000016f10        0x0 c:/psdk3v2/ps3dev/ppu/bin/../lib/gcc/powerpc64-ps3-elf/4.5.2/../../../../powerpc64-ps3-elf/lib\libc.a(lib_a-mlock.o)
 .text.__malloc_lock
                0x0000000000016f10       0x34 c:/psdk3v2/ps3dev/ppu/bin/../lib/gcc/powerpc64-ps3-elf/4.5.2/../../../../powerpc64-ps3-elf/lib\libc.a(lib_a-mlock.o)
                0x0000000000016f10                .__malloc_lock
 *fill*         0x0000000000016f44        0x4 60000000
 .text.__malloc_unlock
                0x0000000000016f48       0x34 c:/psdk3v2/ps3dev/ppu/bin/../lib/gcc/powerpc64-ps3-elf/4.5.2/../../../../powerpc64-ps3-elf/lib\libc.a(lib_a-mlock.o)
                0x0000000000016f48                .__malloc_unlock
 .text          0x0000000000016f7c        0x0 c:/psdk3v2/ps3dev/ppu/bin/../lib/gcc/powerpc64-ps3-elf/4.5.2/../../../../powerpc64-ps3-elf/lib\libc.a(lib_a-refill.o)
 *fill*         0x0000000000016f7c        0x4 60000000
 .text.lflush   0x0000000000016f80       0x64 c:/psdk3v2/ps3dev/ppu/bin/../lib/gcc/powerpc64-ps3-elf/4.5.2/../../../../powerpc64-ps3-elf/lib\libc.a(lib_a-refill.o)
 *fill*         0x0000000000016fe4        0x4 60000000
 .text.__srefill_r
                0x0000000000016fe8      0x26c c:/psdk3v2/ps3dev/ppu/bin/../lib/gcc/powerpc64-ps3-elf/4.5.2/../../../../powerpc64-ps3-elf/lib\libc.a(lib_a-refill.o)
                0x0000000000016fe8                .__srefill_r
 .text          0x0000000000017254        0x0 c:/psdk3v2/ps3dev/ppu/bin/../lib/gcc/powerpc64-ps3-elf/4.5.2/../../../../powerpc64-ps3-elf/lib\libc.a(lib_a-sscanf.o)
 *fill*         0x0000000000017254        0x4 60000000
 .text.sscanf   0x0000000000017258       0xa8 c:/psdk3v2/ps3dev/ppu/bin/../lib/gcc/powerpc64-ps3-elf/4.5.2/../../../../powerpc64-ps3-elf/lib\libc.a(lib_a-sscanf.o)
                0x0000000000017258                .sscanf
 .text._sscanf_r
                0x0000000000017300       0xa8 c:/psdk3v2/ps3dev/ppu/bin/../lib/gcc/powerpc64-ps3-elf/4.5.2/../../../../powerpc64-ps3-elf/lib\libc.a(lib_a-sscanf.o)
                0x0000000000017300                ._sscanf_r
 .text          0x00000000000173a8        0x0 c:/psdk3v2/ps3dev/ppu/bin/../lib/gcc/powerpc64-ps3-elf/4.5.2/../../../../powerpc64-ps3-elf/lib\libc.a(lib_a-stdio.o)
 .text.__sread  0x00000000000173a8       0x80 c:/psdk3v2/ps3dev/ppu/bin/../lib/gcc/powerpc64-ps3-elf/4.5.2/../../../../powerpc64-ps3-elf/lib\libc.a(lib_a-stdio.o)
                0x00000000000173a8                .__sread
 .text.__seofread
                0x0000000000017428       0x14 c:/psdk3v2/ps3dev/ppu/bin/../lib/gcc/powerpc64-ps3-elf/4.5.2/../../../../powerpc64-ps3-elf/lib\libc.a(lib_a-stdio.o)
                0x0000000000017428                .__seofread
 *fill*         0x000000000001743c        0x4 60000000
 .text.__swrite
                0x0000000000017440       0xbc c:/psdk3v2/ps3dev/ppu/bin/../lib/gcc/powerpc64-ps3-elf/4.5.2/../../../../powerpc64-ps3-elf/lib\libc.a(lib_a-stdio.o)
                0x0000000000017440                .__swrite
 *fill*         0x00000000000174fc        0x4 60000000
 .text.__sseek  0x0000000000017500       0x88 c:/psdk3v2/ps3dev/ppu/bin/../lib/gcc/powerpc64-ps3-elf/4.5.2/../../../../powerpc64-ps3-elf/lib\libc.a(lib_a-stdio.o)
                0x0000000000017500                .__sseek
 .text.__sclose
                0x0000000000017588       0x3c c:/psdk3v2/ps3dev/ppu/bin/../lib/gcc/powerpc64-ps3-elf/4.5.2/../../../../powerpc64-ps3-elf/lib\libc.a(lib_a-stdio.o)
                0x0000000000017588                .__sclose
 .text          0x00000000000175c4        0x0 c:/psdk3v2/ps3dev/ppu/bin/../lib/gcc/powerpc64-ps3-elf/4.5.2/../../../../powerpc64-ps3-elf/lib\libc.a(lib_a-strlen.o)
 *fill*         0x00000000000175c4        0x4 60000000
 .text.strlen   0x00000000000175c8       0xe4 c:/psdk3v2/ps3dev/ppu/bin/../lib/gcc/powerpc64-ps3-elf/4.5.2/../../../../powerpc64-ps3-elf/lib\libc.a(lib_a-strlen.o)
                0x00000000000175c8                .strlen
 .text          0x00000000000176ac        0x0 c:/psdk3v2/ps3dev/ppu/bin/../lib/gcc/powerpc64-ps3-elf/4.5.2/../../../../powerpc64-ps3-elf/lib\libc.a(lib_a-strncpy.o)
 *fill*         0x00000000000176ac        0x4 60000000
 .text.strncpy  0x00000000000176b0      0x100 c:/psdk3v2/ps3dev/ppu/bin/../lib/gcc/powerpc64-ps3-elf/4.5.2/../../../../powerpc64-ps3-elf/lib\libc.a(lib_a-strncpy.o)
                0x00000000000176b0                .strncpy
 .text          0x00000000000177b0        0x0 c:/psdk3v2/ps3dev/ppu/bin/../lib/gcc/powerpc64-ps3-elf/4.5.2/../../../../powerpc64-ps3-elf/lib\libc.a(lib_a-svfscanf.o)
 .text.__ssvfscanf_r
                0x00000000000177b0     0x18d8 c:/psdk3v2/ps3dev/ppu/bin/../lib/gcc/powerpc64-ps3-elf/4.5.2/../../../../powerpc64-ps3-elf/lib\libc.a(lib_a-svfscanf.o)
                0x00000000000177b0                .__ssvfscanf_r
 .text          0x0000000000019088        0x0 c:/psdk3v2/ps3dev/ppu/bin/../lib/gcc/powerpc64-ps3-elf/4.5.2/../../../../powerpc64-ps3-elf/lib\libc.a(lib_a-__call_atexit.o)
 .text.__call_exitprocs
                0x0000000000019088      0x250 c:/psdk3v2/ps3dev/ppu/bin/../lib/gcc/powerpc64-ps3-elf/4.5.2/../../../../powerpc64-ps3-elf/lib\libc.a(lib_a-__call_atexit.o)
                0x0000000000019088                .__call_exitprocs
 .text          0x00000000000192d8        0x0 c:/psdk3v2/ps3dev/ppu/bin/../lib/gcc/powerpc64-ps3-elf/4.5.2/../../../../powerpc64-ps3-elf/lib\libc.a(lib_a-ctype_.o)
 .text          0x00000000000192d8        0x0 c:/psdk3v2/ps3dev/ppu/bin/../lib/gcc/powerpc64-ps3-elf/4.5.2/../../../../powerpc64-ps3-elf/lib\libc.a(lib_a-flags.o)
 .text.__sflags
                0x00000000000192d8       0xb4 c:/psdk3v2/ps3dev/ppu/bin/../lib/gcc/powerpc64-ps3-elf/4.5.2/../../../../powerpc64-ps3-elf/lib\libc.a(lib_a-flags.o)
                0x00000000000192d8                .__sflags
 .text          0x000000000001938c        0x0 c:/psdk3v2/ps3dev/ppu/bin/../lib/gcc/powerpc64-ps3-elf/4.5.2/../../../../powerpc64-ps3-elf/lib\libc.a(lib_a-fvwrite.o)
 *fill*         0x000000000001938c        0x4 60000000
 .text.__sfvwrite_r
                0x0000000000019390      0x684 c:/psdk3v2/ps3dev/ppu/bin/../lib/gcc/powerpc64-ps3-elf/4.5.2/../../../../powerpc64-ps3-elf/lib\libc.a(lib_a-fvwrite.o)
                0x0000000000019390                .__sfvwrite_r
 .text          0x0000000000019a14        0x0 c:/psdk3v2/ps3dev/ppu/bin/../lib/gcc/powerpc64-ps3-elf/4.5.2/../../../../powerpc64-ps3-elf/lib\libc.a(lib_a-iswspace.o)
 *fill*         0x0000000000019a14        0x4 60000000
 .text.iswspace
                0x0000000000019a18       0x3c c:/psdk3v2/ps3dev/ppu/bin/../lib/gcc/powerpc64-ps3-elf/4.5.2/../../../../powerpc64-ps3-elf/lib\libc.a(lib_a-iswspace.o)
                0x0000000000019a18                .iswspace
 .text          0x0000000000019a54        0x0 c:/psdk3v2/ps3dev/ppu/bin/../lib/gcc/powerpc64-ps3-elf/4.5.2/../../../../powerpc64-ps3-elf/lib\libc.a(lib_a-locale.o)
 *fill*         0x0000000000019a54        0x4 60000000
 .text._setlocale_r
                0x0000000000019a58       0xa8 c:/psdk3v2/ps3dev/ppu/bin/../lib/gcc/powerpc64-ps3-elf/4.5.2/../../../../powerpc64-ps3-elf/lib\libc.a(lib_a-locale.o)
                0x0000000000019a58                ._setlocale_r
 .text.__locale_charset
                0x0000000000019b00       0x14 c:/psdk3v2/ps3dev/ppu/bin/../lib/gcc/powerpc64-ps3-elf/4.5.2/../../../../powerpc64-ps3-elf/lib\libc.a(lib_a-locale.o)
                0x0000000000019b00                .__locale_charset
 *fill*         0x0000000000019b14        0x4 60000000
 .text.__locale_mb_cur_max
                0x0000000000019b18       0x1c c:/psdk3v2/ps3dev/ppu/bin/../lib/gcc/powerpc64-ps3-elf/4.5.2/../../../../powerpc64-ps3-elf/lib\libc.a(lib_a-locale.o)
                0x0000000000019b18                .__locale_mb_cur_max
 *fill*         0x0000000000019b34        0x4 60000000
 .text.__locale_msgcharset
                0x0000000000019b38       0x14 c:/psdk3v2/ps3dev/ppu/bin/../lib/gcc/powerpc64-ps3-elf/4.5.2/../../../../powerpc64-ps3-elf/lib\libc.a(lib_a-locale.o)
                0x0000000000019b38                .__locale_msgcharset
 *fill*         0x0000000000019b4c        0x4 60000000
 .text.__locale_cjk_lang
                0x0000000000019b50       0x14 c:/psdk3v2/ps3dev/ppu/bin/../lib/gcc/powerpc64-ps3-elf/4.5.2/../../../../powerpc64-ps3-elf/lib\libc.a(lib_a-locale.o)
                0x0000000000019b50                .__locale_cjk_lang
 *fill*         0x0000000000019b64        0x4 60000000
 .text._localeconv_r
                0x0000000000019b68       0x14 c:/psdk3v2/ps3dev/ppu/bin/../lib/gcc/powerpc64-ps3-elf/4.5.2/../../../../powerpc64-ps3-elf/lib\libc.a(lib_a-locale.o)
                0x0000000000019b68                ._localeconv_r
 *fill*         0x0000000000019b7c        0x4 60000000
 .text.setlocale
                0x0000000000019b80       0x50 c:/psdk3v2/ps3dev/ppu/bin/../lib/gcc/powerpc64-ps3-elf/4.5.2/../../../../powerpc64-ps3-elf/lib\libc.a(lib_a-locale.o)
                0x0000000000019b80                .setlocale
 .text.localeconv
                0x0000000000019bd0       0x34 c:/psdk3v2/ps3dev/ppu/bin/../lib/gcc/powerpc64-ps3-elf/4.5.2/../../../../powerpc64-ps3-elf/lib\libc.a(lib_a-locale.o)
                0x0000000000019bd0                .localeconv
 .text          0x0000000000019c04        0x0 c:/psdk3v2/ps3dev/ppu/bin/../lib/gcc/powerpc64-ps3-elf/4.5.2/../../../../powerpc64-ps3-elf/lib\libc.a(lib_a-lock_internal.o)
 *fill*         0x0000000000019c04        0x4 60000000
 .text.init_metalock
                0x0000000000019c08       0x48 c:/psdk3v2/ps3dev/ppu/bin/../lib/gcc/powerpc64-ps3-elf/4.5.2/../../../../powerpc64-ps3-elf/lib\libc.a(lib_a-lock_internal.o)
 .text.__libc_auto_lock_allocate
                0x0000000000019c50       0x9c c:/psdk3v2/ps3dev/ppu/bin/../lib/gcc/powerpc64-ps3-elf/4.5.2/../../../../powerpc64-ps3-elf/lib\libc.a(lib_a-lock_internal.o)
                0x0000000000019c50                .__libc_auto_lock_allocate
 .text          0x0000000000019cec        0x0 c:/psdk3v2/ps3dev/ppu/bin/../lib/gcc/powerpc64-ps3-elf/4.5.2/../../../../powerpc64-ps3-elf/lib\libc.a(lib_a-mbrtowc.o)
 *fill*         0x0000000000019cec        0x4 60000000
 .text._mbrtowc_r
                0x0000000000019cf0      0x10c c:/psdk3v2/ps3dev/ppu/bin/../lib/gcc/powerpc64-ps3-elf/4.5.2/../../../../powerpc64-ps3-elf/lib\libc.a(lib_a-mbrtowc.o)
                0x0000000000019cf0                ._mbrtowc_r
 *fill*         0x0000000000019dfc        0x4 60000000
 .text.mbrtowc  0x0000000000019e00      0x170 c:/psdk3v2/ps3dev/ppu/bin/../lib/gcc/powerpc64-ps3-elf/4.5.2/../../../../powerpc64-ps3-elf/lib\libc.a(lib_a-mbrtowc.o)
                0x0000000000019e00                .mbrtowc
 .text          0x0000000000019f70        0x0 c:/psdk3v2/ps3dev/ppu/bin/../lib/gcc/powerpc64-ps3-elf/4.5.2/../../../../powerpc64-ps3-elf/lib\libc.a(lib_a-mbtowc_r.o)
 .text.__ascii_mbtowc
                0x0000000000019f70       0x58 c:/psdk3v2/ps3dev/ppu/bin/../lib/gcc/powerpc64-ps3-elf/4.5.2/../../../../powerpc64-ps3-elf/lib\libc.a(lib_a-mbtowc_r.o)
                0x0000000000019f70                .__ascii_mbtowc
 .text._mbtowc_r
                0x0000000000019fc8       0x98 c:/psdk3v2/ps3dev/ppu/bin/../lib/gcc/powerpc64-ps3-elf/4.5.2/../../../../powerpc64-ps3-elf/lib\libc.a(lib_a-mbtowc_r.o)
                0x0000000000019fc8                ._mbtowc_r
 .text          0x000000000001a060        0x0 c:/psdk3v2/ps3dev/ppu/bin/../lib/gcc/powerpc64-ps3-elf/4.5.2/../../../../powerpc64-ps3-elf/lib\libc.a(lib_a-memchr.o)
 .text.memchr   0x000000000001a060      0x13c c:/psdk3v2/ps3dev/ppu/bin/../lib/gcc/powerpc64-ps3-elf/4.5.2/../../../../powerpc64-ps3-elf/lib\libc.a(lib_a-memchr.o)
                0x000000000001a060                .memchr
 .text          0x000000000001a19c        0x0 c:/psdk3v2/ps3dev/ppu/bin/../lib/gcc/powerpc64-ps3-elf/4.5.2/../../../../powerpc64-ps3-elf/lib\libc.a(lib_a-memcpy.o)
 *fill*         0x000000000001a19c        0x4 60000000
 .text.memcpy   0x000000000001a1a0       0xf8 c:/psdk3v2/ps3dev/ppu/bin/../lib/gcc/powerpc64-ps3-elf/4.5.2/../../../../powerpc64-ps3-elf/lib\libc.a(lib_a-memcpy.o)
                0x000000000001a1a0                .memcpy
 .text          0x000000000001a298        0x0 c:/psdk3v2/ps3dev/ppu/bin/../lib/gcc/powerpc64-ps3-elf/4.5.2/../../../../powerpc64-ps3-elf/lib\libc.a(lib_a-memmove.o)
 .text.memmove  0x000000000001a298      0x130 c:/psdk3v2/ps3dev/ppu/bin/../lib/gcc/powerpc64-ps3-elf/4.5.2/../../../../powerpc64-ps3-elf/lib\libc.a(lib_a-memmove.o)
                0x000000000001a298                .memmove
 .text          0x000000000001a3c8        0x0 c:/psdk3v2/ps3dev/ppu/bin/../lib/gcc/powerpc64-ps3-elf/4.5.2/../../../../powerpc64-ps3-elf/lib\libc.a(lib_a-reallocr.o)
 .text._realloc_r
                0x000000000001a3c8      0x710 c:/psdk3v2/ps3dev/ppu/bin/../lib/gcc/powerpc64-ps3-elf/4.5.2/../../../../powerpc64-ps3-elf/lib\libc.a(lib_a-reallocr.o)
                0x000000000001a3c8                ._realloc_r
 .text          0x000000000001aad8        0x0 c:/psdk3v2/ps3dev/ppu/bin/../lib/gcc/powerpc64-ps3-elf/4.5.2/../../../../powerpc64-ps3-elf/lib\libc.a(lib_a-s_fpclassify.o)
 .text.__fpclassifyd
                0x000000000001aad8       0xc4 c:/psdk3v2/ps3dev/ppu/bin/../lib/gcc/powerpc64-ps3-elf/4.5.2/../../../../powerpc64-ps3-elf/lib\libc.a(lib_a-s_fpclassify.o)
                0x000000000001aad8                .__fpclassifyd
 .text          0x000000000001ab9c        0x0 c:/psdk3v2/ps3dev/ppu/bin/../lib/gcc/powerpc64-ps3-elf/4.5.2/../../../../powerpc64-ps3-elf/lib\libc.a(lib_a-sccl.o)
 *fill*         0x000000000001ab9c        0x4 60000000
 .text.__sccl   0x000000000001aba0      0x120 c:/psdk3v2/ps3dev/ppu/bin/../lib/gcc/powerpc64-ps3-elf/4.5.2/../../../../powerpc64-ps3-elf/lib\libc.a(lib_a-sccl.o)
                0x000000000001aba0                .__sccl
 .text          0x000000000001acc0        0x0 c:/psdk3v2/ps3dev/ppu/bin/../lib/gcc/powerpc64-ps3-elf/4.5.2/../../../../powerpc64-ps3-elf/lib\libc.a(lib_a-sf_nan.o)
 .text.nanf     0x000000000001acc0       0x18 c:/psdk3v2/ps3dev/ppu/bin/../lib/gcc/powerpc64-ps3-elf/4.5.2/../../../../powerpc64-ps3-elf/lib\libc.a(lib_a-sf_nan.o)
                0x000000000001acc0                .nanf
 .text          0x000000000001acd8        0x0 c:/psdk3v2/ps3dev/ppu/bin/../lib/gcc/powerpc64-ps3-elf/4.5.2/../../../../powerpc64-ps3-elf/lib\libc.a(lib_a-sprintf.o)
 .text._sprintf_r
                0x000000000001acd8       0x84 c:/psdk3v2/ps3dev/ppu/bin/../lib/gcc/powerpc64-ps3-elf/4.5.2/../../../../powerpc64-ps3-elf/lib\libc.a(lib_a-sprintf.o)
                0x000000000001acd8                ._sprintf_r
 *fill*         0x000000000001ad5c        0x4 60000000
 .text.sprintf  0x000000000001ad60       0x9c c:/psdk3v2/ps3dev/ppu/bin/../lib/gcc/powerpc64-ps3-elf/4.5.2/../../../../powerpc64-ps3-elf/lib\libc.a(lib_a-sprintf.o)
                0x000000000001ad60                .sprintf
 .text          0x000000000001adfc        0x0 c:/psdk3v2/ps3dev/ppu/bin/../lib/gcc/powerpc64-ps3-elf/4.5.2/../../../../powerpc64-ps3-elf/lib\libc.a(lib_a-strcmp.o)
 *fill*         0x000000000001adfc        0x4 60000000
 .text.strcmp   0x000000000001ae00       0xfc c:/psdk3v2/ps3dev/ppu/bin/../lib/gcc/powerpc64-ps3-elf/4.5.2/../../../../powerpc64-ps3-elf/lib\libc.a(lib_a-strcmp.o)
                0x000000000001ae00                .strcmp
 .text          0x000000000001aefc        0x0 c:/psdk3v2/ps3dev/ppu/bin/../lib/gcc/powerpc64-ps3-elf/4.5.2/../../../../powerpc64-ps3-elf/lib\libc.a(lib_a-strtod.o)
 *fill*         0x000000000001aefc        0x4 60000000
 .text.match    0x000000000001af00       0x6c c:/psdk3v2/ps3dev/ppu/bin/../lib/gcc/powerpc64-ps3-elf/4.5.2/../../../../powerpc64-ps3-elf/lib\libc.a(lib_a-strtod.o)
 *fill*         0x000000000001af6c        0x4 60000000
 .text._strtod_r
                0x000000000001af70     0x1578 c:/psdk3v2/ps3dev/ppu/bin/../lib/gcc/powerpc64-ps3-elf/4.5.2/../../../../powerpc64-ps3-elf/lib\libc.a(lib_a-strtod.o)
                0x000000000001af70                ._strtod_r
 .text.strtod   0x000000000001c4e8       0x50 c:/psdk3v2/ps3dev/ppu/bin/../lib/gcc/powerpc64-ps3-elf/4.5.2/../../../../powerpc64-ps3-elf/lib\libc.a(lib_a-strtod.o)
                0x000000000001c4e8                .strtod
 .text.strtof   0x000000000001c538       0x98 c:/psdk3v2/ps3dev/ppu/bin/../lib/gcc/powerpc64-ps3-elf/4.5.2/../../../../powerpc64-ps3-elf/lib\libc.a(lib_a-strtod.o)
                0x000000000001c538                .strtof
 .text          0x000000000001c5d0        0x0 c:/psdk3v2/ps3dev/ppu/bin/../lib/gcc/powerpc64-ps3-elf/4.5.2/../../../../powerpc64-ps3-elf/lib\libc.a(lib_a-strtol.o)
 .text._strtol_r
                0x000000000001c5d0      0x24c c:/psdk3v2/ps3dev/ppu/bin/../lib/gcc/powerpc64-ps3-elf/4.5.2/../../../../powerpc64-ps3-elf/lib\libc.a(lib_a-strtol.o)
                0x000000000001c5d0                ._strtol_r
 *fill*         0x000000000001c81c        0x4 60000000
 .text.strtol   0x000000000001c820       0x60 c:/psdk3v2/ps3dev/ppu/bin/../lib/gcc/powerpc64-ps3-elf/4.5.2/../../../../powerpc64-ps3-elf/lib\libc.a(lib_a-strtol.o)
                0x000000000001c820                .strtol
 .text          0x000000000001c880        0x0 c:/psdk3v2/ps3dev/ppu/bin/../lib/gcc/powerpc64-ps3-elf/4.5.2/../../../../powerpc64-ps3-elf/lib\libc.a(lib_a-strtoll_r.o)
 .text._strtoll_r
                0x000000000001c880      0x24c c:/psdk3v2/ps3dev/ppu/bin/../lib/gcc/powerpc64-ps3-elf/4.5.2/../../../../powerpc64-ps3-elf/lib\libc.a(lib_a-strtoll_r.o)
                0x000000000001c880                ._strtoll_r
 .text          0x000000000001cacc        0x0 c:/psdk3v2/ps3dev/ppu/bin/../lib/gcc/powerpc64-ps3-elf/4.5.2/../../../../powerpc64-ps3-elf/lib\libc.a(lib_a-strtoul.o)
 *fill*         0x000000000001cacc        0x4 60000000
 .text._strtoul_r
                0x000000000001cad0      0x230 c:/psdk3v2/ps3dev/ppu/bin/../lib/gcc/powerpc64-ps3-elf/4.5.2/../../../../powerpc64-ps3-elf/lib\libc.a(lib_a-strtoul.o)
                0x000000000001cad0                ._strtoul_r
 .text.strtoul  0x000000000001cd00       0x60 c:/psdk3v2/ps3dev/ppu/bin/../lib/gcc/powerpc64-ps3-elf/4.5.2/../../../../powerpc64-ps3-elf/lib\libc.a(lib_a-strtoul.o)
                0x000000000001cd00                .strtoul
 .text          0x000000000001cd60        0x0 c:/psdk3v2/ps3dev/ppu/bin/../lib/gcc/powerpc64-ps3-elf/4.5.2/../../../../powerpc64-ps3-elf/lib\libc.a(lib_a-strtoull_r.o)
 .text._strtoull_r
                0x000000000001cd60      0x230 c:/psdk3v2/ps3dev/ppu/bin/../lib/gcc/powerpc64-ps3-elf/4.5.2/../../../../powerpc64-ps3-elf/lib\libc.a(lib_a-strtoull_r.o)
                0x000000000001cd60                ._strtoull_r
 .text          0x000000000001cf90        0x0 c:/psdk3v2/ps3dev/ppu/bin/../lib/gcc/powerpc64-ps3-elf/4.5.2/../../../../powerpc64-ps3-elf/lib\libc.a(lib_a-svfiscanf.o)
 .text._sungetc_r
                0x000000000001cf90      0x158 c:/psdk3v2/ps3dev/ppu/bin/../lib/gcc/powerpc64-ps3-elf/4.5.2/../../../../powerpc64-ps3-elf/lib\libc.a(lib_a-svfiscanf.o)
                0x000000000001cf90                ._sungetc_r
 .text.__ssrefill_r
                0x000000000001d0e8       0xa0 c:/psdk3v2/ps3dev/ppu/bin/../lib/gcc/powerpc64-ps3-elf/4.5.2/../../../../powerpc64-ps3-elf/lib\libc.a(lib_a-svfiscanf.o)
                0x000000000001d0e8                .__ssrefill_r
 .text._sfread_r
                0x000000000001d188      0x194 c:/psdk3v2/ps3dev/ppu/bin/../lib/gcc/powerpc64-ps3-elf/4.5.2/../../../../powerpc64-ps3-elf/lib\libc.a(lib_a-svfiscanf.o)
                0x000000000001d188                ._sfread_r
 *fill*         0x000000000001d31c        0x4 60000000
 .text.__ssvfiscanf_r
                0x000000000001d320     0x1208 c:/psdk3v2/ps3dev/ppu/bin/../lib/gcc/powerpc64-ps3-elf/4.5.2/../../../../powerpc64-ps3-elf/lib\libc.a(lib_a-svfiscanf.o)
                0x000000000001d320                .__ssvfiscanf_r
 .text          0x000000000001e528        0x0 c:/psdk3v2/ps3dev/ppu/bin/../lib/gcc/powerpc64-ps3-elf/4.5.2/../../../../powerpc64-ps3-elf/lib\libc.a(lib_a-svfprintf.o)
 .text._svfprintf_r
                0x000000000001e528     0x2120 c:/psdk3v2/ps3dev/ppu/bin/../lib/gcc/powerpc64-ps3-elf/4.5.2/../../../../powerpc64-ps3-elf/lib\libc.a(lib_a-svfprintf.o)
                0x000000000001e528                ._svfprintf_r
 .text          0x0000000000020648        0x0 c:/psdk3v2/ps3dev/ppu/bin/../lib/gcc/powerpc64-ps3-elf/4.5.2/../../../../powerpc64-ps3-elf/lib\libc.a(lib_a-ungetc.o)
 .text.__submore
                0x0000000000020648      0x124 c:/psdk3v2/ps3dev/ppu/bin/../lib/gcc/powerpc64-ps3-elf/4.5.2/../../../../powerpc64-ps3-elf/lib\libc.a(lib_a-ungetc.o)
                0x0000000000020648                .__submore
 *fill*         0x000000000002076c        0x4 60000000
 .text._ungetc_r
                0x0000000000020770      0x2b8 c:/psdk3v2/ps3dev/ppu/bin/../lib/gcc/powerpc64-ps3-elf/4.5.2/../../../../powerpc64-ps3-elf/lib\libc.a(lib_a-ungetc.o)
                0x0000000000020770                ._ungetc_r
 .text.ungetc   0x0000000000020a28       0x50 c:/psdk3v2/ps3dev/ppu/bin/../lib/gcc/powerpc64-ps3-elf/4.5.2/../../../../powerpc64-ps3-elf/lib\libc.a(lib_a-ungetc.o)
                0x0000000000020a28                .ungetc
 .text          0x0000000000020a78        0x0 c:/psdk3v2/ps3dev/ppu/bin/../lib/gcc/powerpc64-ps3-elf/4.5.2/../../../../powerpc64-ps3-elf/lib\libc.a(lib_a-wsetup.o)
 .text.__swsetup_r
                0x0000000000020a78      0x1d4 c:/psdk3v2/ps3dev/ppu/bin/../lib/gcc/powerpc64-ps3-elf/4.5.2/../../../../powerpc64-ps3-elf/lib\libc.a(lib_a-wsetup.o)
                0x0000000000020a78                .__swsetup_r
 .text          0x0000000000020c4c        0x0 c:/psdk3v2/ps3dev/ppu/bin/../lib/gcc/powerpc64-ps3-elf/4.5.2/../../../../powerpc64-ps3-elf/lib\libc.a(lib_a-__atexit.o)
 *fill*         0x0000000000020c4c        0x4 60000000
 .text.__register_exitproc
                0x0000000000020c50      0x188 c:/psdk3v2/ps3dev/ppu/bin/../lib/gcc/powerpc64-ps3-elf/4.5.2/../../../../powerpc64-ps3-elf/lib\libc.a(lib_a-__atexit.o)
                0x0000000000020c50                .__register_exitproc
 .text          0x0000000000020dd8        0x0 c:/psdk3v2/ps3dev/ppu/bin/../lib/gcc/powerpc64-ps3-elf/4.5.2/../../../../powerpc64-ps3-elf/lib\libc.a(lib_a-abort.o)
 .text.abort    0x0000000000020dd8       0x30 c:/psdk3v2/ps3dev/ppu/bin/../lib/gcc/powerpc64-ps3-elf/4.5.2/../../../../powerpc64-ps3-elf/lib\libc.a(lib_a-abort.o)
                0x0000000000020dd8                .abort
 .text          0x0000000000020e08        0x0 c:/psdk3v2/ps3dev/ppu/bin/../lib/gcc/powerpc64-ps3-elf/4.5.2/../../../../powerpc64-ps3-elf/lib\libc.a(lib_a-dtoa.o)
 .text.quorem   0x0000000000020e08      0x258 c:/psdk3v2/ps3dev/ppu/bin/../lib/gcc/powerpc64-ps3-elf/4.5.2/../../../../powerpc64-ps3-elf/lib\libc.a(lib_a-dtoa.o)
 .text._dtoa_r  0x0000000000021060     0x1328 c:/psdk3v2/ps3dev/ppu/bin/../lib/gcc/powerpc64-ps3-elf/4.5.2/../../../../powerpc64-ps3-elf/lib\libc.a(lib_a-dtoa.o)
                0x0000000000021060                ._dtoa_r
 .text          0x0000000000022388        0x0 c:/psdk3v2/ps3dev/ppu/bin/../lib/gcc/powerpc64-ps3-elf/4.5.2/../../../../powerpc64-ps3-elf/lib\libc.a(lib_a-gdtoa-gethex.o)
 .text.rshift   0x0000000000022388      0x164 c:/psdk3v2/ps3dev/ppu/bin/../lib/gcc/powerpc64-ps3-elf/4.5.2/../../../../powerpc64-ps3-elf/lib\libc.a(lib_a-gdtoa-gethex.o)
 *fill*         0x00000000000224ec        0x4 60000000
 .text.__hexdig_init
                0x00000000000224f0       0x8c c:/psdk3v2/ps3dev/ppu/bin/../lib/gcc/powerpc64-ps3-elf/4.5.2/../../../../powerpc64-ps3-elf/lib\libc.a(lib_a-gdtoa-gethex.o)
                0x00000000000224f0                .__hexdig_init
 *fill*         0x000000000002257c        0x4 60000000
 .text.__gethex
                0x0000000000022580      0x934 c:/psdk3v2/ps3dev/ppu/bin/../lib/gcc/powerpc64-ps3-elf/4.5.2/../../../../powerpc64-ps3-elf/lib\libc.a(lib_a-gdtoa-gethex.o)
                0x0000000000022580                .__gethex
 .text          0x0000000000022eb4        0x0 c:/psdk3v2/ps3dev/ppu/bin/../lib/gcc/powerpc64-ps3-elf/4.5.2/../../../../powerpc64-ps3-elf/lib\libc.a(lib_a-gdtoa-hexnan.o)
 *fill*         0x0000000000022eb4        0x4 60000000
 .text.__hexnan
                0x0000000000022eb8      0x324 c:/psdk3v2/ps3dev/ppu/bin/../lib/gcc/powerpc64-ps3-elf/4.5.2/../../../../powerpc64-ps3-elf/lib\libc.a(lib_a-gdtoa-hexnan.o)
                0x0000000000022eb8                .__hexnan
 .text          0x00000000000231dc        0x0 c:/psdk3v2/ps3dev/ppu/bin/../lib/gcc/powerpc64-ps3-elf/4.5.2/../../../../powerpc64-ps3-elf/lib\libc.a(lib_a-mprec.o)
 *fill*         0x00000000000231dc        0x4 60000000
 .text._Balloc  0x00000000000231e0       0xd4 c:/psdk3v2/ps3dev/ppu/bin/../lib/gcc/powerpc64-ps3-elf/4.5.2/../../../../powerpc64-ps3-elf/lib\libc.a(lib_a-mprec.o)
                0x00000000000231e0                ._Balloc
 *fill*         0x00000000000232b4        0x4 60000000
 .text._Bfree   0x00000000000232b8       0x34 c:/psdk3v2/ps3dev/ppu/bin/../lib/gcc/powerpc64-ps3-elf/4.5.2/../../../../powerpc64-ps3-elf/lib\libc.a(lib_a-mprec.o)
                0x00000000000232b8                ._Bfree
 *fill*         0x00000000000232ec        0x4 60000000
 .text.__multadd
                0x00000000000232f0      0x164 c:/psdk3v2/ps3dev/ppu/bin/../lib/gcc/powerpc64-ps3-elf/4.5.2/../../../../powerpc64-ps3-elf/lib\libc.a(lib_a-mprec.o)
                0x00000000000232f0                .__multadd
 *fill*         0x0000000000023454        0x4 60000000
 .text.__s2b    0x0000000000023458      0x164 c:/psdk3v2/ps3dev/ppu/bin/../lib/gcc/powerpc64-ps3-elf/4.5.2/../../../../powerpc64-ps3-elf/lib\libc.a(lib_a-mprec.o)
                0x0000000000023458                .__s2b
 *fill*         0x00000000000235bc        0x4 60000000
 .text.__hi0bits
                0x00000000000235c0       0x94 c:/psdk3v2/ps3dev/ppu/bin/../lib/gcc/powerpc64-ps3-elf/4.5.2/../../../../powerpc64-ps3-elf/lib\libc.a(lib_a-mprec.o)
                0x00000000000235c0                .__hi0bits
 *fill*         0x0000000000023654        0x4 60000000
 .text.__lo0bits
                0x0000000000023658       0xec c:/psdk3v2/ps3dev/ppu/bin/../lib/gcc/powerpc64-ps3-elf/4.5.2/../../../../powerpc64-ps3-elf/lib\libc.a(lib_a-mprec.o)
                0x0000000000023658                .__lo0bits
 *fill*         0x0000000000023744        0x4 60000000
 .text.__i2b    0x0000000000023748       0x48 c:/psdk3v2/ps3dev/ppu/bin/../lib/gcc/powerpc64-ps3-elf/4.5.2/../../../../powerpc64-ps3-elf/lib\libc.a(lib_a-mprec.o)
                0x0000000000023748                .__i2b
 .text.__multiply
                0x0000000000023790      0x2a0 c:/psdk3v2/ps3dev/ppu/bin/../lib/gcc/powerpc64-ps3-elf/4.5.2/../../../../powerpc64-ps3-elf/lib\libc.a(lib_a-mprec.o)
                0x0000000000023790                .__multiply
 .text.__pow5mult
                0x0000000000023a30      0x15c c:/psdk3v2/ps3dev/ppu/bin/../lib/gcc/powerpc64-ps3-elf/4.5.2/../../../../powerpc64-ps3-elf/lib\libc.a(lib_a-mprec.o)
                0x0000000000023a30                .__pow5mult
 *fill*         0x0000000000023b8c        0x4 60000000
 .text.__lshift
                0x0000000000023b90      0x1c8 c:/psdk3v2/ps3dev/ppu/bin/../lib/gcc/powerpc64-ps3-elf/4.5.2/../../../../powerpc64-ps3-elf/lib\libc.a(lib_a-mprec.o)
                0x0000000000023b90                .__lshift
 .text.__mcmp   0x0000000000023d58       0x84 c:/psdk3v2/ps3dev/ppu/bin/../lib/gcc/powerpc64-ps3-elf/4.5.2/../../../../powerpc64-ps3-elf/lib\libc.a(lib_a-mprec.o)
                0x0000000000023d58                .__mcmp
 *fill*         0x0000000000023ddc        0x4 60000000
 .text.__mdiff  0x0000000000023de0      0x1fc c:/psdk3v2/ps3dev/ppu/bin/../lib/gcc/powerpc64-ps3-elf/4.5.2/../../../../powerpc64-ps3-elf/lib\libc.a(lib_a-mprec.o)
                0x0000000000023de0                .__mdiff
 *fill*         0x0000000000023fdc        0x4 60000000
 .text.__ulp    0x0000000000023fe0       0xb8 c:/psdk3v2/ps3dev/ppu/bin/../lib/gcc/powerpc64-ps3-elf/4.5.2/../../../../powerpc64-ps3-elf/lib\libc.a(lib_a-mprec.o)
                0x0000000000023fe0                .__ulp
 .text.__b2d    0x0000000000024098      0x1c0 c:/psdk3v2/ps3dev/ppu/bin/../lib/gcc/powerpc64-ps3-elf/4.5.2/../../../../powerpc64-ps3-elf/lib\libc.a(lib_a-mprec.o)
                0x0000000000024098                .__b2d
 .text.__d2b    0x0000000000024258      0x1ac c:/psdk3v2/ps3dev/ppu/bin/../lib/gcc/powerpc64-ps3-elf/4.5.2/../../../../powerpc64-ps3-elf/lib\libc.a(lib_a-mprec.o)
                0x0000000000024258                .__d2b
 *fill*         0x0000000000024404        0x4 60000000
 .text.__ratio  0x0000000000024408       0xf8 c:/psdk3v2/ps3dev/ppu/bin/../lib/gcc/powerpc64-ps3-elf/4.5.2/../../../../powerpc64-ps3-elf/lib\libc.a(lib_a-mprec.o)
                0x0000000000024408                .__ratio
 .text._mprec_log10
                0x0000000000024500       0x4c c:/psdk3v2/ps3dev/ppu/bin/../lib/gcc/powerpc64-ps3-elf/4.5.2/../../../../powerpc64-ps3-elf/lib\libc.a(lib_a-mprec.o)
                0x0000000000024500                ._mprec_log10
 *fill*         0x000000000002454c        0x4 60000000
 .text.__copybits
                0x0000000000024550       0x98 c:/psdk3v2/ps3dev/ppu/bin/../lib/gcc/powerpc64-ps3-elf/4.5.2/../../../../powerpc64-ps3-elf/lib\libc.a(lib_a-mprec.o)
                0x0000000000024550                .__copybits
 .text.__any_on
                0x00000000000245e8       0xf4 c:/psdk3v2/ps3dev/ppu/bin/../lib/gcc/powerpc64-ps3-elf/4.5.2/../../../../powerpc64-ps3-elf/lib\libc.a(lib_a-mprec.o)
                0x00000000000245e8                .__any_on
 .text          0x00000000000246dc        0x0 c:/psdk3v2/ps3dev/ppu/bin/../lib/gcc/powerpc64-ps3-elf/4.5.2/../../../../powerpc64-ps3-elf/lib\libc.a(lib_a-signal.o)
 *fill*         0x00000000000246dc        0x4 60000000
 .text._init_signal_r
                0x00000000000246e0       0x84 c:/psdk3v2/ps3dev/ppu/bin/../lib/gcc/powerpc64-ps3-elf/4.5.2/../../../../powerpc64-ps3-elf/lib\libc.a(lib_a-signal.o)
                0x00000000000246e0                ._init_signal_r
 *fill*         0x0000000000024764        0x4 60000000
 .text._signal_r
                0x0000000000024768       0x9c c:/psdk3v2/ps3dev/ppu/bin/../lib/gcc/powerpc64-ps3-elf/4.5.2/../../../../powerpc64-ps3-elf/lib\libc.a(lib_a-signal.o)
                0x0000000000024768                ._signal_r
 *fill*         0x0000000000024804        0x4 60000000
 .text._raise_r
                0x0000000000024808      0x114 c:/psdk3v2/ps3dev/ppu/bin/../lib/gcc/powerpc64-ps3-elf/4.5.2/../../../../powerpc64-ps3-elf/lib\libc.a(lib_a-signal.o)
                0x0000000000024808                ._raise_r
 *fill*         0x000000000002491c        0x4 60000000
 .text.__sigtramp_r
                0x0000000000024920       0xd0 c:/psdk3v2/ps3dev/ppu/bin/../lib/gcc/powerpc64-ps3-elf/4.5.2/../../../../powerpc64-ps3-elf/lib\libc.a(lib_a-signal.o)
                0x0000000000024920                .__sigtramp_r
 .text.raise    0x00000000000249f0       0x40 c:/psdk3v2/ps3dev/ppu/bin/../lib/gcc/powerpc64-ps3-elf/4.5.2/../../../../powerpc64-ps3-elf/lib\libc.a(lib_a-signal.o)
                0x00000000000249f0                .raise
 .text.signal   0x0000000000024a30       0x50 c:/psdk3v2/ps3dev/ppu/bin/../lib/gcc/powerpc64-ps3-elf/4.5.2/../../../../powerpc64-ps3-elf/lib\libc.a(lib_a-signal.o)
                0x0000000000024a30                .signal
 .text._init_signal
                0x0000000000024a80       0x30 c:/psdk3v2/ps3dev/ppu/bin/../lib/gcc/powerpc64-ps3-elf/4.5.2/../../../../powerpc64-ps3-elf/lib\libc.a(lib_a-signal.o)
                0x0000000000024a80                ._init_signal
 .text.__sigtramp
                0x0000000000024ab0       0x40 c:/psdk3v2/ps3dev/ppu/bin/../lib/gcc/powerpc64-ps3-elf/4.5.2/../../../../powerpc64-ps3-elf/lib\libc.a(lib_a-signal.o)
                0x0000000000024ab0                .__sigtramp
 .text          0x0000000000024af0        0x0 c:/psdk3v2/ps3dev/ppu/bin/../lib/gcc/powerpc64-ps3-elf/4.5.2/../../../../powerpc64-ps3-elf/lib\libc.a(lib_a-strncmp.o)
 .text.strncmp  0x0000000000024af0      0x184 c:/psdk3v2/ps3dev/ppu/bin/../lib/gcc/powerpc64-ps3-elf/4.5.2/../../../../powerpc64-ps3-elf/lib\libc.a(lib_a-strncmp.o)
                0x0000000000024af0                .strncmp
 .text          0x0000000000024c74        0x0 c:/psdk3v2/ps3dev/ppu/bin/../lib/gcc/powerpc64-ps3-elf/4.5.2/../../../../powerpc64-ps3-elf/lib\libc.a(lib_a-svfiprintf.o)
 *fill*         0x0000000000024c74        0x4 60000000
 .text.__ssprint_r
                0x0000000000024c78      0x300 c:/psdk3v2/ps3dev/ppu/bin/../lib/gcc/powerpc64-ps3-elf/4.5.2/../../../../powerpc64-ps3-elf/lib\libc.a(lib_a-svfiprintf.o)
                0x0000000000024c78                .__ssprint_r
 .text._svfiprintf_r
                0x0000000000024f78     0x1064 c:/psdk3v2/ps3dev/ppu/bin/../lib/gcc/powerpc64-ps3-elf/4.5.2/../../../../powerpc64-ps3-elf/lib\libc.a(lib_a-svfiprintf.o)
                0x0000000000024f78                ._svfiprintf_r
 .text          0x0000000000025fdc        0x0 c:/psdk3v2/ps3dev/ppu/bin/../lib/gcc/powerpc64-ps3-elf/4.5.2/../../../../powerpc64-ps3-elf/lib\libc.a(lib_a-callocr.o)
 *fill*         0x0000000000025fdc        0x4 60000000
 .text._calloc_r
                0x0000000000025fe0       0xe8 c:/psdk3v2/ps3dev/ppu/bin/../lib/gcc/powerpc64-ps3-elf/4.5.2/../../../../powerpc64-ps3-elf/lib\libc.a(lib_a-callocr.o)
                0x0000000000025fe0                ._calloc_r
 .text          0x00000000000260c8        0x0 c:/psdk3v2/ps3dev/ppu/bin/../lib/gcc/powerpc64-ps3-elf/4.5.2/../../../../powerpc64-ps3-elf/lib\libsysbase.a(close.o)
 .text._close_r
                0x00000000000260c8       0x6c c:/psdk3v2/ps3dev/ppu/bin/../lib/gcc/powerpc64-ps3-elf/4.5.2/../../../../powerpc64-ps3-elf/lib\libsysbase.a(close.o)
                0x00000000000260c8                ._close_r
 .text          0x0000000000026134        0x0 c:/psdk3v2/ps3dev/ppu/bin/../lib/gcc/powerpc64-ps3-elf/4.5.2/../../../../powerpc64-ps3-elf/lib\libsysbase.a(sbrk.o)
 *fill*         0x0000000000026134        0x4 60000000
 .text._sbrk_r  0x0000000000026138       0x78 c:/psdk3v2/ps3dev/ppu/bin/../lib/gcc/powerpc64-ps3-elf/4.5.2/../../../../powerpc64-ps3-elf/lib\libsysbase.a(sbrk.o)
                0x0000000000026138                ._sbrk_r
 .text          0x00000000000261b0        0x0 c:/psdk3v2/ps3dev/ppu/bin/../lib/gcc/powerpc64-ps3-elf/4.5.2/../../../../powerpc64-ps3-elf/lib\libsysbase.a(_exit.o)
 .text._exit    0x00000000000261b0       0x48 c:/psdk3v2/ps3dev/ppu/bin/../lib/gcc/powerpc64-ps3-elf/4.5.2/../../../../powerpc64-ps3-elf/lib\libsysbase.a(_exit.o)
                0x00000000000261b0                ._exit
 .text          0x00000000000261f8        0x0 c:/psdk3v2/ps3dev/ppu/bin/../lib/gcc/powerpc64-ps3-elf/4.5.2/../../../../powerpc64-ps3-elf/lib\libsysbase.a(fstat.o)
 .text._fstat_r
                0x00000000000261f8       0x6c c:/psdk3v2/ps3dev/ppu/bin/../lib/gcc/powerpc64-ps3-elf/4.5.2/../../../../powerpc64-ps3-elf/lib\libsysbase.a(fstat.o)
                0x00000000000261f8                ._fstat_r
 .text          0x0000000000026264        0x0 c:/psdk3v2/ps3dev/ppu/bin/../lib/gcc/powerpc64-ps3-elf/4.5.2/../../../../powerpc64-ps3-elf/lib\libsysbase.a(isatty.o)
 *fill*         0x0000000000026264        0x4 60000000
 .text._isatty_r
                0x0000000000026268       0x78 c:/psdk3v2/ps3dev/ppu/bin/../lib/gcc/powerpc64-ps3-elf/4.5.2/../../../../powerpc64-ps3-elf/lib\libsysbase.a(isatty.o)
                0x0000000000026268                ._isatty_r
 .text          0x00000000000262e0        0x0 c:/psdk3v2/ps3dev/ppu/bin/../lib/gcc/powerpc64-ps3-elf/4.5.2/../../../../powerpc64-ps3-elf/lib\libsysbase.a(lseek.o)
 .text._lseek_r
                0x00000000000262e0       0x6c c:/psdk3v2/ps3dev/ppu/bin/../lib/gcc/powerpc64-ps3-elf/4.5.2/../../../../powerpc64-ps3-elf/lib\libsysbase.a(lseek.o)
                0x00000000000262e0                ._lseek_r
 .text          0x000000000002634c        0x0 c:/psdk3v2/ps3dev/ppu/bin/../lib/gcc/powerpc64-ps3-elf/4.5.2/../../../../powerpc64-ps3-elf/lib\libsysbase.a(open.o)
 *fill*         0x000000000002634c        0x4 60000000
 .text._open_r  0x0000000000026350       0x6c c:/psdk3v2/ps3dev/ppu/bin/../lib/gcc/powerpc64-ps3-elf/4.5.2/../../../../powerpc64-ps3-elf/lib\libsysbase.a(open.o)
                0x0000000000026350                ._open_r
 .text          0x00000000000263bc        0x0 c:/psdk3v2/ps3dev/ppu/bin/../lib/gcc/powerpc64-ps3-elf/4.5.2/../../../../powerpc64-ps3-elf/lib\libsysbase.a(read.o)
 *fill*         0x00000000000263bc        0x4 60000000
 .text._read_r  0x00000000000263c0       0x6c c:/psdk3v2/ps3dev/ppu/bin/../lib/gcc/powerpc64-ps3-elf/4.5.2/../../../../powerpc64-ps3-elf/lib\libsysbase.a(read.o)
                0x00000000000263c0                ._read_r
 .text          0x000000000002642c        0x0 c:/psdk3v2/ps3dev/ppu/bin/../lib/gcc/powerpc64-ps3-elf/4.5.2/../../../../powerpc64-ps3-elf/lib\libsysbase.a(write.o)
 *fill*         0x000000000002642c        0x4 60000000
 .text._write_r
                0x0000000000026430       0x6c c:/psdk3v2/ps3dev/ppu/bin/../lib/gcc/powerpc64-ps3-elf/4.5.2/../../../../powerpc64-ps3-elf/lib\libsysbase.a(write.o)
                0x0000000000026430                ._write_r
 .text          0x000000000002649c        0x0 c:/psdk3v2/ps3dev/ppu/bin/../lib/gcc/powerpc64-ps3-elf/4.5.2/../../../../powerpc64-ps3-elf/lib\libsysbase.a(lock.o)
 *fill*         0x000000000002649c        0x4 60000000
 .text.sys_lwmutex_create
                0x00000000000264a0       0x94 c:/psdk3v2/ps3dev/ppu/bin/../lib/gcc/powerpc64-ps3-elf/4.5.2/../../../../powerpc64-ps3-elf/lib\libsysbase.a(lock.o)
                0x00000000000264a0                .sys_lwmutex_create
 *fill*         0x0000000000026534        0x4 60000000
 .text.sys_lwmutex_destroy
                0x0000000000026538       0x84 c:/psdk3v2/ps3dev/ppu/bin/../lib/gcc/powerpc64-ps3-elf/4.5.2/../../../../powerpc64-ps3-elf/lib\libsysbase.a(lock.o)
                0x0000000000026538                .sys_lwmutex_destroy
 *fill*         0x00000000000265bc        0x4 60000000
 .text.sys_lwmutex_lock
                0x00000000000265c0       0x94 c:/psdk3v2/ps3dev/ppu/bin/../lib/gcc/powerpc64-ps3-elf/4.5.2/../../../../powerpc64-ps3-elf/lib\libsysbase.a(lock.o)
                0x00000000000265c0                .sys_lwmutex_lock
 *fill*         0x0000000000026654        0x4 60000000
 .text.sys_lwmutex_trylock
                0x0000000000026658       0x84 c:/psdk3v2/ps3dev/ppu/bin/../lib/gcc/powerpc64-ps3-elf/4.5.2/../../../../powerpc64-ps3-elf/lib\libsysbase.a(lock.o)
                0x0000000000026658                .sys_lwmutex_trylock
 *fill*         0x00000000000266dc        0x4 60000000
 .text.sys_lwmutex_unlock
                0x00000000000266e0       0x84 c:/psdk3v2/ps3dev/ppu/bin/../lib/gcc/powerpc64-ps3-elf/4.5.2/../../../../powerpc64-ps3-elf/lib\libsysbase.a(lock.o)
                0x00000000000266e0                .sys_lwmutex_unlock
 .text          0x0000000000026764        0x0 c:/psdk3v2/ps3dev/ppu/bin/../lib/gcc/powerpc64-ps3-elf/4.5.2/../../../../powerpc64-ps3-elf/lib\libsysbase.a(getpid.o)
 *fill*         0x0000000000026764        0x4 60000000
 .text._getpid_r
                0x0000000000026768       0x6c c:/psdk3v2/ps3dev/ppu/bin/../lib/gcc/powerpc64-ps3-elf/4.5.2/../../../../powerpc64-ps3-elf/lib\libsysbase.a(getpid.o)
                0x0000000000026768                ._getpid_r
 .text          0x00000000000267d4        0x0 c:/psdk3v2/ps3dev/ppu/bin/../lib/gcc/powerpc64-ps3-elf/4.5.2/../../../../powerpc64-ps3-elf/lib\libsysbase.a(kill.o)
 *fill*         0x00000000000267d4        0x4 60000000
 .text._kill_r  0x00000000000267d8       0x1c c:/psdk3v2/ps3dev/ppu/bin/../lib/gcc/powerpc64-ps3-elf/4.5.2/../../../../powerpc64-ps3-elf/lib\libsysbase.a(kill.o)
                0x00000000000267d8                ._kill_r
 .text          0x00000000000267f4        0x0 c:/psdk3v2/ps3dev/ppu/bin/../lib/gcc/powerpc64-ps3-elf/4.5.2/crtend.o
 *fill*         0x00000000000267f4        0x4 60000000
 .text.__do_global_ctors_aux
                0x00000000000267f8       0x64 c:/psdk3v2/ps3dev/ppu/bin/../lib/gcc/powerpc64-ps3-elf/4.5.2/crtend.o
 .text          0x000000000002685c        0x0 c:/psdk3v2/ps3dev/ppu/bin/../lib/gcc/powerpc64-ps3-elf/4.5.2/../../../../powerpc64-ps3-elf/lib/lv2-crtn.o
 *(.text.*personality*)
 *(.gnu.warning)
 *(.sfpr .glink)
 .sfpr          0x0000000000000000        0x0 linker stubs
 *fill*         0x000000000002685c        0x0 60000000
 .glink         0x0000000000000000        0x0 linker stubs

.fini           0x000000000002685c       0x2c
 *(.fini)
 .fini          0x000000000002685c        0xc c:/psdk3v2/ps3dev/ppu/bin/../lib/gcc/powerpc64-ps3-elf/4.5.2/../../../../powerpc64-ps3-elf/lib/lv2-crti.o
                0x000000000002685c                ._fini
 .fini          0x0000000000026868        0x8 c:/psdk3v2/ps3dev/ppu/bin/../lib/gcc/powerpc64-ps3-elf/4.5.2/crtbegin.o
 .fini          0x0000000000026870        0x8 c:/PSDK3v2/psl1ght/ppu/lib\librt.a(sbrk.o)
 .fini          0x0000000000026878       0x10 c:/psdk3v2/ps3dev/ppu/bin/../lib/gcc/powerpc64-ps3-elf/4.5.2/../../../../powerpc64-ps3-elf/lib/lv2-crtn.o

.sceStub.text   0x0000000000026888     0x1e00
 *(.sceStub.text)
 .sceStub.text  0x0000000000026888     0x1e00 c:/PSDK3v2/psl1ght/ppu/lib\liblv2.a(sprx.o)
                0x0000000000026888                __sysGetSystemTime
                0x00000000000268c8                __sysGetSystemSwVersion
                0x0000000000026908                __sysGetTemperature
                0x0000000000026948                __sysGetRandomNumber
                0x0000000000026988                __sysGetRtcStatus
                0x00000000000269c8                __sysBoardStorageRead
                0x0000000000026a08                __sysBoardStorageWrite
                0x0000000000026a48                __sysProcessIsStack
                0x0000000000026a88                .sysProcessExit
                0x0000000000026a88                __sysProcessExit
                0x0000000000026ac8                __sysProcessExitspawn
                0x0000000000026b08                __sysProcessExitSpawn2Ex
                0x0000000000026b48                __sysProcessExitSpawnWithLevel
                0x0000000000026b88                __sysProcessAtExitSpawn
                0x0000000000026bc8                __sysProcess_At_ExitSpawn
                0x0000000000026c08                ___sys_process_atexitspawn
                0x0000000000026c48                __sysPrxRegisterLibrary
                0x0000000000026c88                __sysPrxUnregisterLibrary
                0x0000000000026cc8                __sysPrxStartModule
                0x0000000000026d08                __sysPrxStopModule
                0x0000000000026d48                __sysPrxLoadModule
                0x0000000000026d88                __sysPrxLoadModuleByFd
                0x0000000000026dc8                __sysPrxLoadModuleList
                0x0000000000026e08                __sysPrxLoadModuleListOnMemcontainer
                0x0000000000026e48                __sysPrxLoadModuleOnMemcontainer
                0x0000000000026e88                __sysPrxLoadModuleOnMemcontainerByFd
                0x0000000000026ec8                __sysPrxGetModuleInfo
                0x0000000000026f08                __sysPrxGetModuleList
                0x0000000000026f48                __sysPrxGetModuleId
                0x0000000000026f88                __sysPrxGetModuleIdByAddress
                0x0000000000026fc8                __sysPrxGetModuleIdByName
                0x0000000000027008                __sysPrxUnloadModule
                0x0000000000027048                __sysPrxExitSpawnWithLevel
                0x0000000000027088                __sysThreadCreateEx
                0x00000000000270c8                __sysThreadExit
                0x0000000000027108                __sysThreadGetId
                0x0000000000027148                __sysThreadOnce
                0x0000000000027188                __sysThreadInitialzeTLS
                0x00000000000271c8                __sysThreadRegisterAtexit
                0x0000000000027208                __sysThreadUnregisterAtexit
                0x0000000000027248                __sysInterruptThreadDisestablish
                0x0000000000027288                .sysLwMutexCreate
                0x0000000000027288                __sysLwMutexCreate
                0x00000000000272c8                .sysLwMutexDestroy
                0x00000000000272c8                __sysLwMutexDestroy
                0x0000000000027308                .sysLwMutexLock
                0x0000000000027308                __sysLwMutexLock
                0x0000000000027348                .sysLwMutexTryLock
                0x0000000000027348                __sysLwMutexTryLock
                0x0000000000027388                .sysLwMutexUnlock
                0x0000000000027388                __sysLwMutexUnlock
                0x00000000000273c8                __sysLwCondCreate
                0x0000000000027408                __sysLwCondWait
                0x0000000000027448                __sysLwCondSignal
                0x0000000000027488                __sysLwCondSignalTo
                0x00000000000274c8                __sysLwCondSignalAll
                0x0000000000027508                __sysLwCondDestroy
                0x0000000000027548                .sysSpinlockInitialize
                0x0000000000027548                __sysSpinlockInitialize
                0x0000000000027588                .sysSpinlockLock
                0x0000000000027588                __sysSpinlockLock
                0x00000000000275c8                __sysSpinlockTryLock
                0x0000000000027608                .sysSpinlockUnlock
                0x0000000000027608                __sysSpinlockUnlock
                0x0000000000027648                __sysWatchdogClear
                0x0000000000027688                __sysWatchdogStart
                0x00000000000276c8                __sysWatchdogStop
                0x0000000000027708                __sysMalloc
                0x0000000000027748                __sysMemalign
                0x0000000000027788                __sysMemchr
                0x00000000000277c8                __sysMemcmp
                0x0000000000027808                __sysMemcpy
                0x0000000000027848                __sysMemmove
                0x0000000000027888                __sysMemset
                0x00000000000278c8                __sysFree
                0x0000000000027908                __sysHeapAllocHeapMemory
                0x0000000000027948                __sysHeapCreateHeap
                0x0000000000027988                __sysHeapDeleteHeap
                0x00000000000279c8                __sysHeapFree
                0x0000000000027a08                __sysHeapGetMallInfo
                0x0000000000027a48                __sysHeapGetTotalFreeSize
                0x0000000000027a88                __sysHeapMalloc
                0x0000000000027ac8                __sysHeapMemalign
                0x0000000000027b08                __sysHeapStats
                0x0000000000027b48                __sysQsort
                0x0000000000027b88                __sysMempoolCreate
                0x0000000000027bc8                __sysMempoolDestroy
                0x0000000000027c08                __sysMempoolGetCount
                0x0000000000027c48                __sysMempoolAllocateBlock
                0x0000000000027c88                __sysMempoolTryAllocateBlock
                0x0000000000027cc8                __sysMempoolFreeBlock
                0x0000000000027d08                __sysMMapperFreeMemory
                0x0000000000027d08                .sysMMapperFreeMemory
                0x0000000000027d48                __sysMMapperMapMemory
                0x0000000000027d88                __sysMMapperUnmapMemory
                0x0000000000027d88                .sysMMapperUnmapMemory
                0x0000000000027dc8                __sysMMapperAllocateMemory
                0x0000000000027dc8                .sysMMapperAllocateMemory
                0x0000000000027e08                __sysMMapperAllocateMemoryFromContainer
                0x0000000000027e48                __sysStrlen
                0x0000000000027e88                __sysStrcpy
                0x0000000000027ec8                __sysStrncpy
                0x0000000000027f08                __sysStrcat
                0x0000000000027f48                __sysStrncat
                0x0000000000027f88                __sysStrchr
                0x0000000000027fc8                __sysStrrchr
                0x0000000000028008                __sysStrcmp
                0x0000000000028048                __sysStrncmp
                0x0000000000028088                __sysStrncasecmp
                0x00000000000280c8                __sysToLower
                0x0000000000028108                __sysToUpper
                0x0000000000028148                __sysSpuElfGetSegments
                0x0000000000028188                __sysSpuElfGetInformation
                0x00000000000281c8                __sysSpuRawLoad
                0x0000000000028208                __sysSpuRawImageLoad
                0x0000000000028248                __sysSpuImageClose
                0x0000000000028288                __sysSpuImageImport
                0x00000000000282c8                __sysSpuPrintfAttachGroup
                0x0000000000028308                __sysSpuPrintfAttachThread
                0x0000000000028348                __sysSpuPrintfDetachGroup
                0x0000000000028388                __sysSpuPrintfDetach_Tread
                0x00000000000283c8                __sysSpuPrintfFinalize
                0x0000000000028408                __sysSpuPrintfInitialize
                0x0000000000028448                __sysConsoleGetc
                0x0000000000028488                __sysConsolePutc
                0x00000000000284c8                __sysConsoleWrite
                0x0000000000028508                __sysPrintf
                0x0000000000028548                __sysSprintf
                0x0000000000028588                __sysSnprintf
                0x00000000000285c8                __sysVprintf
                0x0000000000028608                __sysVsprintf
                0x0000000000028648                __sysVsnprintf
 *(SORT(.sceStub.text.*))
                0x0000000000028688                PROVIDE (__etext, .)
                0x0000000000028688                PROVIDE (_etext, .)
                0x0000000000028688                PROVIDE (etext, .)

.eh_frame_hdr   0x0000000000028688        0x0
 *(.eh_frame_hdr)
 .eh_frame_hdr  0x0000000000000000        0x0 c:/psdk3v2/ps3dev/ppu/bin/../lib/gcc/powerpc64-ps3-elf/4.5.2/../../../../powerpc64-ps3-elf/lib/lv2-crtn.o

.eh_frame       0x0000000000028688        0x4
 *(.eh_frame)
 .eh_frame      0x0000000000028688        0x0 c:/psdk3v2/ps3dev/ppu/bin/../lib/gcc/powerpc64-ps3-elf/4.5.2/crtbegin.o
 .eh_frame      0x0000000000028688        0x4 c:/psdk3v2/ps3dev/ppu/bin/../lib/gcc/powerpc64-ps3-elf/4.5.2/crtend.o

.gcc_except_table
 *(.gcc_except_table .gcc_except_table.*)

.rodata.sceResident
                0x000000000002868c       0x12
 *(.rodata.sceResident)
 .rodata.sceResident
                0x000000000002868c       0x12 c:/PSDK3v2/psl1ght/ppu/lib\liblv2.a(sprx.o)

.rodata.sceFNID
                0x00000000000286a0      0x1e0
 *(.rodata.sceFNID .rodata.sceFNID.*)
 .rodata.sceFNID
                0x00000000000286a0      0x1e0 c:/PSDK3v2/psl1ght/ppu/lib\liblv2.a(sprx.o)
                0x00000000000286a0                sysPrxForUser
                0x00000000000286a0                sysGetSystemTime_fnid
                0x00000000000286a4                sysGetSystemSwVersion_fnid
                0x00000000000286a8                sysGetTemperature_fnid
                0x00000000000286ac                sysGetRandomNumber_fnid
                0x00000000000286b0                sysGetRtcStatus_fnid
                0x00000000000286b4                sysBoardStorageRead_fnid
                0x00000000000286b8                sysBoardStorageWrite_fnid
                0x00000000000286bc                sysProcessIsStack_fnid
                0x00000000000286c0                sysProcessExit_fnid
                0x00000000000286c4                sysProcessExitspawn_fnid
                0x00000000000286c8                sysProcessExitSpawn2Ex_fnid
                0x00000000000286cc                sysProcessExitSpawnWithLevel_fnid
                0x00000000000286d0                sysProcessAtExitSpawn_fnid
                0x00000000000286d4                sysProcess_At_ExitSpawn_fnid
                0x00000000000286d8                _sys_process_atexitspawn_fnid
                0x00000000000286dc                sysPrxRegisterLibrary_fnid
                0x00000000000286e0                sysPrxUnregisterLibrary_fnid
                0x00000000000286e4                sysPrxStartModule_fnid
                0x00000000000286e8                sysPrxStopModule_fnid
                0x00000000000286ec                sysPrxLoadModule_fnid
                0x00000000000286f0                sysPrxLoadModuleByFd_fnid
                0x00000000000286f4                sysPrxLoadModuleList_fnid
                0x00000000000286f8                sysPrxLoadModuleListOnMemcontainer_fnid
                0x00000000000286fc                sysPrxLoadModuleOnMemcontainer_fnid
                0x0000000000028700                sysPrxLoadModuleOnMemcontainerByFd_fnid
                0x0000000000028704                sysPrxGetModuleInfo_fnid
                0x0000000000028708                sysPrxGetModuleList_fnid
                0x000000000002870c                sysPrxGetModuleId_fnid
                0x0000000000028710                sysPrxGetModuleIdByAddress_fnid
                0x0000000000028714                sysPrxGetModuleIdByName_fnid
                0x0000000000028718                sysPrxUnloadModule_fnid
                0x000000000002871c                sysPrxExitSpawnWithLevel_fnid
                0x0000000000028720                sysThreadCreateEx_fnid
                0x0000000000028724                sysThreadExit_fnid
                0x0000000000028728                sysThreadGetId_fnid
                0x000000000002872c                sysThreadOnce_fnid
                0x0000000000028730                sysThreadInitialzeTLS_fnid
                0x0000000000028734                sysThreadRegisterAtexit_fnid
                0x0000000000028738                sysThreadUnregisterAtexit_fnid
                0x000000000002873c                sysInterruptThreadDisestablish_fnid
                0x0000000000028740                sysLwMutexCreate_fnid
                0x0000000000028744                sysLwMutexDestroy_fnid
                0x0000000000028748                sysLwMutexLock_fnid
                0x000000000002874c                sysLwMutexTryLock_fnid
                0x0000000000028750                sysLwMutexUnlock_fnid
                0x0000000000028754                sysLwCondCreate_fnid
                0x0000000000028758                sysLwCondWait_fnid
                0x000000000002875c                sysLwCondSignal_fnid
                0x0000000000028760                sysLwCondSignalTo_fnid
                0x0000000000028764                sysLwCondSignalAll_fnid
                0x0000000000028768                sysLwCondDestroy_fnid
                0x000000000002876c                sysSpinlockInitialize_fnid
                0x0000000000028770                sysSpinlockLock_fnid
                0x0000000000028774                sysSpinlockTryLock_fnid
                0x0000000000028778                sysSpinlockUnlock_fnid
                0x000000000002877c                sysWatchdogClear_fnid
                0x0000000000028780                sysWatchdogStart_fnid
                0x0000000000028784                sysWatchdogStop_fnid
                0x0000000000028788                sysMalloc_fnid
                0x000000000002878c                sysMemalign_fnid
                0x0000000000028790                sysMemchr_fnid
                0x0000000000028794                sysMemcmp_fnid
                0x0000000000028798                sysMemcpy_fnid
                0x000000000002879c                sysMemmove_fnid
                0x00000000000287a0                sysMemset_fnid
                0x00000000000287a4                sysFree_fnid
                0x00000000000287a8                sysHeapAllocHeapMemory_fnid
                0x00000000000287ac                sysHeapCreateHeap_fnid
                0x00000000000287b0                sysHeapDeleteHeap_fnid
                0x00000000000287b4                sysHeapFree_fnid
                0x00000000000287b8                sysHeapGetMallInfo_fnid
                0x00000000000287bc                sysHeapGetTotalFreeSize_fnid
                0x00000000000287c0                sysHeapMalloc_fnid
                0x00000000000287c4                sysHeapMemalign_fnid
                0x00000000000287c8                sysHeapStats_fnid
                0x00000000000287cc                sysQsort_fnid
                0x00000000000287d0                sysMempoolCreate_fnid
                0x00000000000287d4                sysMempoolDestroy_fnid
                0x00000000000287d8                sysMempoolGetCount_fnid
                0x00000000000287dc                sysMempoolAllocateBlock_fnid
                0x00000000000287e0                sysMempoolTryAllocateBlock_fnid
                0x00000000000287e4                sysMempoolFreeBlock_fnid
                0x00000000000287e8                sysMMapperFreeMemory_fnid
                0x00000000000287ec                sysMMapperMapMemory_fnid
                0x00000000000287f0                sysMMapperUnmapMemory_fnid
                0x00000000000287f4                sysMMapperAllocateMemory_fnid
                0x00000000000287f8                sysMMapperAllocateMemoryFromContainer_fnid
                0x00000000000287fc                sysStrlen_fnid
                0x0000000000028800                sysStrcpy_fnid
                0x0000000000028804                sysStrncpy_fnid
                0x0000000000028808                sysStrcat_fnid
                0x000000000002880c                sysStrncat_fnid
                0x0000000000028810                sysStrchr_fnid
                0x0000000000028814                sysStrrchr_fnid
                0x0000000000028818                sysStrcmp_fnid
                0x000000000002881c                sysStrncmp_fnid
                0x0000000000028820                sysStrncasecmp_fnid
                0x0000000000028824                sysToLower_fnid
                0x0000000000028828                sysToUpper_fnid
                0x000000000002882c                sysSpuElfGetSegments_fnid
                0x0000000000028830                sysSpuElfGetInformation_fnid
                0x0000000000028834                sysSpuRawLoad_fnid
                0x0000000000028838                sysSpuRawImageLoad_fnid
                0x000000000002883c                sysSpuImageClose_fnid
                0x0000000000028840                sysSpuImageImport_fnid
                0x0000000000028844                sysSpuPrintfAttachGroup_fnid
                0x0000000000028848                sysSpuPrintfAttachThread_fnid
                0x000000000002884c                sysSpuPrintfDetachGroup_fnid
                0x0000000000028850                sysSpuPrintfDetach_Tread_fnid
                0x0000000000028854                sysSpuPrintfFinalize_fnid
                0x0000000000028858                sysSpuPrintfInitialize_fnid
                0x000000000002885c                sysConsoleGetc_fnid
                0x0000000000028860                sysConsolePutc_fnid
                0x0000000000028864                sysConsoleWrite_fnid
                0x0000000000028868                sysPrintf_fnid